Archive member included to satisfy reference by file (symbol)

/opt/gcc-arm-none-eabi-9-2020-q2-update/bin/../lib/gcc/arm-none-eabi/9.3.1/../../../../arm-none-eabi/lib/thumb/v7-m/nofp/libc_nano.a(lib_a-exit.o)
                              /opt/gcc-arm-none-eabi-9-2020-q2-update/bin/../lib/gcc/arm-none-eabi/9.3.1/../../../../arm-none-eabi/lib/thumb/v7-m/nofp/crt0.o (exit)
/opt/gcc-arm-none-eabi-9-2020-q2-update/bin/../lib/gcc/arm-none-eabi/9.3.1/../../../../arm-none-eabi/lib/thumb/v7-m/nofp/libc_nano.a(lib_a-impure.o)
                              /opt/gcc-arm-none-eabi-9-2020-q2-update/bin/../lib/gcc/arm-none-eabi/9.3.1/../../../../arm-none-eabi/lib/thumb/v7-m/nofp/libc_nano.a(lib_a-exit.o) (_global_impure_ptr)
/opt/gcc-arm-none-eabi-9-2020-q2-update/bin/../lib/gcc/arm-none-eabi/9.3.1/../../../../arm-none-eabi/lib/thumb/v7-m/nofp/libc_nano.a(lib_a-init.o)
                              /opt/gcc-arm-none-eabi-9-2020-q2-update/bin/../lib/gcc/arm-none-eabi/9.3.1/../../../../arm-none-eabi/lib/thumb/v7-m/nofp/crt0.o (__libc_init_array)
/opt/gcc-arm-none-eabi-9-2020-q2-update/bin/../lib/gcc/arm-none-eabi/9.3.1/../../../../arm-none-eabi/lib/thumb/v7-m/nofp/libc_nano.a(lib_a-memset.o)
                              /opt/gcc-arm-none-eabi-9-2020-q2-update/bin/../lib/gcc/arm-none-eabi/9.3.1/../../../../arm-none-eabi/lib/thumb/v7-m/nofp/crt0.o (memset)
/opt/gcc-arm-none-eabi-9-2020-q2-update/bin/../lib/gcc/arm-none-eabi/9.3.1/../../../../arm-none-eabi/lib/thumb/v7-m/nofp/libc_nano.a(lib_a-sprintf.o)
                              build/main.o (sprintf)
/opt/gcc-arm-none-eabi-9-2020-q2-update/bin/../lib/gcc/arm-none-eabi/9.3.1/../../../../arm-none-eabi/lib/thumb/v7-m/nofp/libc_nano.a(lib_a-strlen.o)
                              build/main.o (strlen)
/opt/gcc-arm-none-eabi-9-2020-q2-update/bin/../lib/gcc/arm-none-eabi/9.3.1/../../../../arm-none-eabi/lib/thumb/v7-m/nofp/libc_nano.a(lib_a-nano-svfprintf.o)
                              /opt/gcc-arm-none-eabi-9-2020-q2-update/bin/../lib/gcc/arm-none-eabi/9.3.1/../../../../arm-none-eabi/lib/thumb/v7-m/nofp/libc_nano.a(lib_a-sprintf.o) (_svfprintf_r)
/opt/gcc-arm-none-eabi-9-2020-q2-update/bin/../lib/gcc/arm-none-eabi/9.3.1/../../../../arm-none-eabi/lib/thumb/v7-m/nofp/libc_nano.a(lib_a-nano-vfprintf_i.o)
                              /opt/gcc-arm-none-eabi-9-2020-q2-update/bin/../lib/gcc/arm-none-eabi/9.3.1/../../../../arm-none-eabi/lib/thumb/v7-m/nofp/libc_nano.a(lib_a-nano-svfprintf.o) (_printf_i)
/opt/gcc-arm-none-eabi-9-2020-q2-update/bin/../lib/gcc/arm-none-eabi/9.3.1/../../../../arm-none-eabi/lib/thumb/v7-m/nofp/libc_nano.a(lib_a-memchr-stub.o)
                              /opt/gcc-arm-none-eabi-9-2020-q2-update/bin/../lib/gcc/arm-none-eabi/9.3.1/../../../../arm-none-eabi/lib/thumb/v7-m/nofp/libc_nano.a(lib_a-nano-svfprintf.o) (memchr)
/opt/gcc-arm-none-eabi-9-2020-q2-update/bin/../lib/gcc/arm-none-eabi/9.3.1/../../../../arm-none-eabi/lib/thumb/v7-m/nofp/libc_nano.a(lib_a-memcpy-stub.o)
                              /opt/gcc-arm-none-eabi-9-2020-q2-update/bin/../lib/gcc/arm-none-eabi/9.3.1/../../../../arm-none-eabi/lib/thumb/v7-m/nofp/libc_nano.a(lib_a-nano-svfprintf.o) (memcpy)
/opt/gcc-arm-none-eabi-9-2020-q2-update/bin/../lib/gcc/arm-none-eabi/9.3.1/../../../../arm-none-eabi/lib/thumb/v7-m/nofp/libc_nano.a(lib_a-memmove.o)
                              /opt/gcc-arm-none-eabi-9-2020-q2-update/bin/../lib/gcc/arm-none-eabi/9.3.1/../../../../arm-none-eabi/lib/thumb/v7-m/nofp/libc_nano.a(lib_a-nano-svfprintf.o) (memmove)
/opt/gcc-arm-none-eabi-9-2020-q2-update/bin/../lib/gcc/arm-none-eabi/9.3.1/../../../../arm-none-eabi/lib/thumb/v7-m/nofp/libc_nano.a(lib_a-nano-freer.o)
                              /opt/gcc-arm-none-eabi-9-2020-q2-update/bin/../lib/gcc/arm-none-eabi/9.3.1/../../../../arm-none-eabi/lib/thumb/v7-m/nofp/libc_nano.a(lib_a-nano-svfprintf.o) (_free_r)
/opt/gcc-arm-none-eabi-9-2020-q2-update/bin/../lib/gcc/arm-none-eabi/9.3.1/../../../../arm-none-eabi/lib/thumb/v7-m/nofp/libc_nano.a(lib_a-nano-mallocr.o)
                              /opt/gcc-arm-none-eabi-9-2020-q2-update/bin/../lib/gcc/arm-none-eabi/9.3.1/../../../../arm-none-eabi/lib/thumb/v7-m/nofp/libc_nano.a(lib_a-nano-svfprintf.o) (_malloc_r)
/opt/gcc-arm-none-eabi-9-2020-q2-update/bin/../lib/gcc/arm-none-eabi/9.3.1/../../../../arm-none-eabi/lib/thumb/v7-m/nofp/libc_nano.a(lib_a-nano-reallocr.o)
                              /opt/gcc-arm-none-eabi-9-2020-q2-update/bin/../lib/gcc/arm-none-eabi/9.3.1/../../../../arm-none-eabi/lib/thumb/v7-m/nofp/libc_nano.a(lib_a-nano-svfprintf.o) (_realloc_r)
/opt/gcc-arm-none-eabi-9-2020-q2-update/bin/../lib/gcc/arm-none-eabi/9.3.1/../../../../arm-none-eabi/lib/thumb/v7-m/nofp/libc_nano.a(lib_a-sbrkr.o)
                              /opt/gcc-arm-none-eabi-9-2020-q2-update/bin/../lib/gcc/arm-none-eabi/9.3.1/../../../../arm-none-eabi/lib/thumb/v7-m/nofp/libc_nano.a(lib_a-nano-mallocr.o) (_sbrk_r)
[...]
Memory Configuration

Name             Origin             Length             Attributes
RAM              0x0000000020000000 0x0000000000005000 xrw
FLASH            0x0000000008000000 0x0000000000010000 xr
*default*        0x0000000000000000 0xffffffffffffffff

Linker script and memory map

LOAD /opt/gcc-arm-none-eabi-9-2020-q2-update/bin/../lib/gcc/arm-none-eabi/9.3.1/thumb/v7-m/nofp/crti.o
LOAD /opt/gcc-arm-none-eabi-9-2020-q2-update/bin/../lib/gcc/arm-none-eabi/9.3.1/thumb/v7-m/nofp/crtbegin.o
LOAD /opt/gcc-arm-none-eabi-9-2020-q2-update/bin/../lib/gcc/arm-none-eabi/9.3.1/../../../../arm-none-eabi/lib/thumb/v7-m/nofp/crt0.o
LOAD build/main.o
LOAD build/delay.o
LOAD build/stm32f1xx_it.o
LOAD build/stm32f1xx_hal_msp.o
LOAD build/fatfs.o
LOAD build/user_diskio.o
LOAD build/user_diskio_spi.o
LOAD build/usb_device.o
LOAD build/usbd_desc.o
LOAD build/usbd_cdc_if.o
LOAD build/usbd_conf.o
LOAD build/ArduCAM.o
LOAD build/stm32f1xx_hal_gpio_ex.o
LOAD build/stm32f1xx_hal_pcd.o
LOAD build/stm32f1xx_hal_pcd_ex.o
LOAD build/stm32f1xx_ll_usb.o
LOAD build/stm32f1xx_hal.o
LOAD build/stm32f1xx_hal_rcc.o
LOAD build/stm32f1xx_hal_rcc_ex.o
LOAD build/stm32f1xx_hal_gpio.o
LOAD build/stm32f1xx_hal_dma.o
LOAD build/stm32f1xx_hal_cortex.o
LOAD build/stm32f1xx_hal_pwr.o
LOAD build/stm32f1xx_hal_flash.o
LOAD build/stm32f1xx_hal_flash_ex.o
LOAD build/stm32f1xx_hal_exti.o
LOAD build/stm32f1xx_hal_spi.o
LOAD build/stm32f1xx_hal_tim.o
LOAD build/stm32f1xx_hal_tim_ex.o
LOAD build/system_stm32f1xx.o
LOAD build/diskio.o
LOAD build/ff.o
LOAD build/ff_gen_drv.o
LOAD build/syscall.o
LOAD build/usbd_core.o
LOAD build/usbd_ctlreq.o
LOAD build/usbd_ioreq.o
LOAD build/usbd_cdc.o
LOAD build/stm32f1xx_hal_i2c.o
LOAD build/stm32f1xx_hal_uart.o
LOAD build/startup_stm32f103xb.o
LOAD /opt/gcc-arm-none-eabi-9-2020-q2-update/bin/../lib/gcc/arm-none-eabi/9.3.1/../../../../arm-none-eabi/lib/thumb/v7-m/nofp/libc_nano.a
LOAD /opt/gcc-arm-none-eabi-9-2020-q2-update/bin/../lib/gcc/arm-none-eabi/9.3.1/../../../../arm-none-eabi/lib/thumb/v7-m/nofp/libm.a
LOAD /opt/gcc-arm-none-eabi-9-2020-q2-update/bin/../lib/gcc/arm-none-eabi/9.3.1/../../../../arm-none-eabi/lib/thumb/v7-m/nofp/libnosys.a
START GROUP
LOAD /opt/gcc-arm-none-eabi-9-2020-q2-update/bin/../lib/gcc/arm-none-eabi/9.3.1/thumb/v7-m/nofp/libgcc.a
LOAD /opt/gcc-arm-none-eabi-9-2020-q2-update/bin/../lib/gcc/arm-none-eabi/9.3.1/../../../../arm-none-eabi/lib/thumb/v7-m/nofp/libc_nano.a
END GROUP
START GROUP
LOAD /opt/gcc-arm-none-eabi-9-2020-q2-update/bin/../lib/gcc/arm-none-eabi/9.3.1/thumb/v7-m/nofp/libgcc.a
LOAD /opt/gcc-arm-none-eabi-9-2020-q2-update/bin/../lib/gcc/arm-none-eabi/9.3.1/../../../../arm-none-eabi/lib/thumb/v7-m/nofp/libc_nano.a
END GROUP
LOAD /opt/gcc-arm-none-eabi-9-2020-q2-update/bin/../lib/gcc/arm-none-eabi/9.3.1/thumb/v7-m/nofp/crtend.o
LOAD /opt/gcc-arm-none-eabi-9-2020-q2-update/bin/../lib/gcc/arm-none-eabi/9.3.1/thumb/v7-m/nofp/crtn.o
                0x0000000020005000                _estack = (ORIGIN (RAM) + LENGTH (RAM))
                0x0000000000000200                _Min_Heap_Size = 0x200
                0x0000000000000400                _Min_Stack_Size = 0x400

.isr_vector     0x0000000008000000      0x10c
                0x0000000008000000                . = ALIGN (0x4)
 *(.isr_vector)
 .isr_vector    0x0000000008000000      0x10c build/startup_stm32f103xb.o
                0x0000000008000000                g_pfnVectors
                0x000000000800010c                . = ALIGN (0x4)

.text           0x000000000800010c     0x8870
                0x000000000800010c                . = ALIGN (0x4)
 *(.text)
 .text          0x000000000800010c       0x40 /opt/gcc-arm-none-eabi-9-2020-q2-update/bin/../lib/gcc/arm-none-eabi/9.3.1/thumb/v7-m/nofp/crtbegin.o
 .text          0x000000000800014c       0x10 /opt/gcc-arm-none-eabi-9-2020-q2-update/bin/../lib/gcc/arm-none-eabi/9.3.1/../../../../arm-none-eabi/lib/thumb/v7-m/nofp/libc_nano.a(lib_a-strlen.o)
                0x000000000800014c                strlen
 *(.text*)
 .text.MX_GPIO_Init
                0x000000000800015c       0xb4 build/main.o
 .text.Error_Handler
                0x0000000008000210        0x4 build/main.o
                0x0000000008000210                Error_Handler
 .text.MX_SPI2_Init
                0x0000000008000214       0x40 build/main.o
 .text.MX_I2C1_Init
                0x0000000008000254       0x38 build/main.o
 .text.MX_SPI1_Init
                0x000000000800028c       0x40 build/main.o
 .text.MX_USART1_UART_Init
                0x00000000080002cc       0x34 build/main.o
 .text.SystemClock_Config
                0x0000000008000300       0x7e build/main.o
                0x0000000008000300                SystemClock_Config
 *fill*         0x000000000800037e        0x2 
 .text.main     0x0000000008000380      0x54c build/main.o
                0x0000000008000380                main
 .text.NMI_Handler
                0x00000000080008cc        0x2 build/stm32f1xx_it.o
                0x00000000080008cc                NMI_Handler
 .text.HardFault_Handler
                0x00000000080008ce        0x2 build/stm32f1xx_it.o
                0x00000000080008ce                HardFault_Handler
 .text.MemManage_Handler
                0x00000000080008d0        0x2 build/stm32f1xx_it.o
                0x00000000080008d0                MemManage_Handler
 .text.BusFault_Handler
                0x00000000080008d2        0x2 build/stm32f1xx_it.o
                0x00000000080008d2                BusFault_Handler
 .text.UsageFault_Handler
                0x00000000080008d4        0x2 build/stm32f1xx_it.o
                0x00000000080008d4                UsageFault_Handler
 .text.SVC_Handler
                0x00000000080008d6        0x2 build/stm32f1xx_it.o
                0x00000000080008d6                SVC_Handler
 .text.DebugMon_Handler
                0x00000000080008d8        0x2 build/stm32f1xx_it.o
                0x00000000080008d8                DebugMon_Handler
 .text.PendSV_Handler
                0x00000000080008da        0x2 build/stm32f1xx_it.o
                0x00000000080008da                PendSV_Handler
 .text.SysTick_Handler
                0x00000000080008dc        0x8 build/stm32f1xx_it.o
                0x00000000080008dc                SysTick_Handler
 .text.USB_LP_CAN1_RX0_IRQHandler
                0x00000000080008e4       0x10 build/stm32f1xx_it.o
                0x00000000080008e4                USB_LP_CAN1_RX0_IRQHandler
 .text.HAL_MspInit
                0x00000000080008f4       0x30 build/stm32f1xx_hal_msp.o
                0x00000000080008f4                HAL_MspInit
 .text.HAL_I2C_MspInit
                0x0000000008000924       0x64 build/stm32f1xx_hal_msp.o
                0x0000000008000924                HAL_I2C_MspInit
 .text.HAL_SPI_MspInit
                0x0000000008000988       0xd8 build/stm32f1xx_hal_msp.o
                0x0000000008000988                HAL_SPI_MspInit
 .text.HAL_UART_MspInit
                0x0000000008000a60       0x78 build/stm32f1xx_hal_msp.o
                0x0000000008000a60                HAL_UART_MspInit
 .text.MX_FATFS_Init
                0x0000000008000ad8       0x1c build/fatfs.o
                0x0000000008000ad8                MX_FATFS_Init
 .text.get_fattime
                0x0000000008000af4        0x4 build/fatfs.o
                0x0000000008000af4                get_fattime
 .text.USER_initialize
                0x0000000008000af8        0x8 build/user_diskio.o
                0x0000000008000af8                USER_initialize
 .text.USER_status
                0x0000000008000b00        0x8 build/user_diskio.o
                0x0000000008000b00                USER_status
 .text.USER_read
                0x0000000008000b08        0x8 build/user_diskio.o
                0x0000000008000b08                USER_read
 .text.USER_write
                0x0000000008000b10        0x8 build/user_diskio.o
                0x0000000008000b10                USER_write
 .text.USER_ioctl
                0x0000000008000b18        0x8 build/user_diskio.o
                0x0000000008000b18                USER_ioctl
 .text.xchg_spi
                0x0000000008000b20       0x2c build/user_diskio_spi.o
 .text.wait_ready
                0x0000000008000b4c       0x2a build/user_diskio_spi.o
 .text.rcvr_spi_multi
                0x0000000008000b76       0x1a build/user_diskio_spi.o
 .text.xmit_spi_multi
                0x0000000008000b90       0x18 build/user_diskio_spi.o
 .text.xmit_datablock
                0x0000000008000ba8       0x4c build/user_diskio_spi.o
 .text.despiselect
                0x0000000008000bf4       0x18 build/user_diskio_spi.o
 .text.spiselect
                0x0000000008000c0c       0x30 build/user_diskio_spi.o
 .text.send_cmd
                0x0000000008000c3c       0x8c build/user_diskio_spi.o
 .text.SPI_Timer_On
                0x0000000008000cc8       0x1c build/user_diskio_spi.o
                0x0000000008000cc8                SPI_Timer_On
 .text.SPI_Timer_Status
                0x0000000008000ce4       0x24 build/user_diskio_spi.o
                0x0000000008000ce4                SPI_Timer_Status
 .text.rcvr_datablock
                0x0000000008000d08       0x40 build/user_diskio_spi.o
 .text.USER_SPI_initialize
                0x0000000008000d48      0x168 build/user_diskio_spi.o
                0x0000000008000d48                USER_SPI_initialize
 .text.USER_SPI_status
                0x0000000008000eb0       0x14 build/user_diskio_spi.o
                0x0000000008000eb0                USER_SPI_status
 .text.USER_SPI_read
                0x0000000008000ec4       0x8c build/user_diskio_spi.o
                0x0000000008000ec4                USER_SPI_read
 .text.USER_SPI_write
                0x0000000008000f50       0xb0 build/user_diskio_spi.o
                0x0000000008000f50                USER_SPI_write
 .text.USER_SPI_ioctl
                0x0000000008001000      0x224 build/user_diskio_spi.o
                0x0000000008001000                USER_SPI_ioctl
 .text.MX_USB_DEVICE_Init
                0x0000000008001224       0x54 build/usb_device.o
                0x0000000008001224                MX_USB_DEVICE_Init
 .text.USBD_FS_DeviceDescriptor
                0x0000000008001278        0xc build/usbd_desc.o
                0x0000000008001278                USBD_FS_DeviceDescriptor
 .text.USBD_FS_LangIDStrDescriptor
                0x0000000008001284        0xc build/usbd_desc.o
                0x0000000008001284                USBD_FS_LangIDStrDescriptor
 .text.IntToUnicode
                0x0000000008001290       0x38 build/usbd_desc.o
 .text.Get_SerialNum
                0x00000000080012c8       0x34 build/usbd_desc.o
 .text.USBD_FS_SerialStrDescriptor
                0x00000000080012fc       0x14 build/usbd_desc.o
                0x00000000080012fc                USBD_FS_SerialStrDescriptor
 .text.USBD_FS_ProductStrDescriptor
                0x0000000008001310       0x24 build/usbd_desc.o
                0x0000000008001310                USBD_FS_ProductStrDescriptor
 .text.USBD_FS_ManufacturerStrDescriptor
                0x0000000008001334       0x1c build/usbd_desc.o
                0x0000000008001334                USBD_FS_ManufacturerStrDescriptor
 .text.USBD_FS_ConfigStrDescriptor
                0x0000000008001350       0x24 build/usbd_desc.o
                0x0000000008001350                USBD_FS_ConfigStrDescriptor
 .text.USBD_FS_InterfaceStrDescriptor
                0x0000000008001374       0x24 build/usbd_desc.o
                0x0000000008001374                USBD_FS_InterfaceStrDescriptor
 .text.CDC_DeInit_FS
                0x0000000008001398        0x4 build/usbd_cdc_if.o
 .text.CDC_Control_FS
                0x000000000800139c        0x4 build/usbd_cdc_if.o
 .text.CDC_Receive_FS
                0x00000000080013a0       0x1c build/usbd_cdc_if.o
 .text.CDC_Init_FS
                0x00000000080013bc       0x28 build/usbd_cdc_if.o
 .text.USBD_Get_USB_Status
                0x00000000080013e4       0x14 build/usbd_conf.o
 .text.HAL_PCD_MspInit
                0x00000000080013f8       0x40 build/usbd_conf.o
                0x00000000080013f8                HAL_PCD_MspInit
 .text.HAL_PCD_SetupStageCallback
                0x0000000008001438       0x10 build/usbd_conf.o
                0x0000000008001438                HAL_PCD_SetupStageCallback
 .text.HAL_PCD_DataOutStageCallback
                0x0000000008001448       0x18 build/usbd_conf.o
                0x0000000008001448                HAL_PCD_DataOutStageCallback
 .text.HAL_PCD_DataInStageCallback
                0x0000000008001460       0x16 build/usbd_conf.o
                0x0000000008001460                HAL_PCD_DataInStageCallback
 .text.HAL_PCD_SOFCallback
                0x0000000008001476        0xc build/usbd_conf.o
                0x0000000008001476                HAL_PCD_SOFCallback
 .text.HAL_PCD_ResetCallback
                0x0000000008001482       0x24 build/usbd_conf.o
                0x0000000008001482                HAL_PCD_ResetCallback
 *fill*         0x00000000080014a6        0x2 
 .text.HAL_PCD_SuspendCallback
                0x00000000080014a8       0x20 build/usbd_conf.o
                0x00000000080014a8                HAL_PCD_SuspendCallback
 .text.HAL_PCD_ResumeCallback
                0x00000000080014c8        0xc build/usbd_conf.o
                0x00000000080014c8                HAL_PCD_ResumeCallback
 .text.USBD_LL_Init
                0x00000000080014d4       0x84 build/usbd_conf.o
                0x00000000080014d4                USBD_LL_Init
 .text.USBD_LL_Start
                0x0000000008001558       0x10 build/usbd_conf.o
                0x0000000008001558                USBD_LL_Start
 .text.USBD_LL_OpenEP
                0x0000000008001568       0x16 build/usbd_conf.o
                0x0000000008001568                USBD_LL_OpenEP
 .text.USBD_LL_CloseEP
                0x000000000800157e       0x10 build/usbd_conf.o
                0x000000000800157e                USBD_LL_CloseEP
 .text.USBD_LL_StallEP
                0x000000000800158e       0x10 build/usbd_conf.o
                0x000000000800158e                USBD_LL_StallEP
 .text.USBD_LL_ClearStallEP
                0x000000000800159e       0x10 build/usbd_conf.o
                0x000000000800159e                USBD_LL_ClearStallEP
 .text.USBD_LL_IsStallEP
                0x00000000080015ae       0x2e build/usbd_conf.o
                0x00000000080015ae                USBD_LL_IsStallEP
 .text.USBD_LL_SetUSBAddress
                0x00000000080015dc       0x10 build/usbd_conf.o
                0x00000000080015dc                USBD_LL_SetUSBAddress
 .text.USBD_LL_Transmit
                0x00000000080015ec       0x10 build/usbd_conf.o
                0x00000000080015ec                USBD_LL_Transmit
 .text.USBD_LL_PrepareReceive
                0x00000000080015fc       0x10 build/usbd_conf.o
                0x00000000080015fc                USBD_LL_PrepareReceive
 .text.USBD_LL_GetRxDataSize
                0x000000000800160c        0xc build/usbd_conf.o
                0x000000000800160c                USBD_LL_GetRxDataSize
 .text.USBD_static_malloc
                0x0000000008001618        0x8 build/usbd_conf.o
                0x0000000008001618                USBD_static_malloc
 .text.USBD_static_free
                0x0000000008001620        0x2 build/usbd_conf.o
                0x0000000008001620                USBD_static_free
 .text.HAL_PCDEx_SetConnectionState
                0x0000000008001622        0x2 build/usbd_conf.o
                0x0000000008001622                HAL_PCDEx_SetConnectionState
 .text.CS_HIGH  0x0000000008001624       0x14 build/ArduCAM.o
                0x0000000008001624                CS_HIGH
 .text.ArduCAM_CS_init
                0x0000000008001638        0x8 build/ArduCAM.o
                0x0000000008001638                ArduCAM_CS_init
 .text.CS_LOW   0x0000000008001640       0x14 build/ArduCAM.o
                0x0000000008001640                CS_LOW
 .text.bus_read
                0x0000000008001654       0x44 build/ArduCAM.o
                0x0000000008001654                bus_read
 .text.bus_write
                0x0000000008001698       0x34 build/ArduCAM.o
                0x0000000008001698                bus_write
 .text.read_reg
                0x00000000080016cc        0xc build/ArduCAM.o
                0x00000000080016cc                read_reg
 .text.write_reg
                0x00000000080016d8        0xc build/ArduCAM.o
                0x00000000080016d8                write_reg
 .text.flush_fifo
                0x00000000080016e4        0xc build/ArduCAM.o
                0x00000000080016e4                flush_fifo
 .text.start_capture
                0x00000000080016f0        0xc build/ArduCAM.o
                0x00000000080016f0                start_capture
 .text.clear_fifo_flag
                0x00000000080016fc        0xc build/ArduCAM.o
                0x00000000080016fc                clear_fifo_flag
 .text.read_fifo_length
                0x0000000008001708       0x2c build/ArduCAM.o
                0x0000000008001708                read_fifo_length
 .text.get_bit  0x0000000008001734        0xc build/ArduCAM.o
                0x0000000008001734                get_bit
 .text.wrSensorReg8_8
                0x0000000008001740       0x30 build/ArduCAM.o
                0x0000000008001740                wrSensorReg8_8
 .text.rdSensorReg8_8
                0x0000000008001770       0x3c build/ArduCAM.o
                0x0000000008001770                rdSensorReg8_8
 .text.wrSensorRegs8_8
                0x00000000080017ac       0x24 build/ArduCAM.o
                0x00000000080017ac                wrSensorRegs8_8
 .text.OV2640_set_JPEG_size
                0x00000000080017d0       0x88 build/ArduCAM.o
                0x00000000080017d0                OV2640_set_JPEG_size
 .text.wrSensorReg16_8
                0x0000000008001858       0x34 build/ArduCAM.o
                0x0000000008001858                wrSensorReg16_8
 .text.wrSensorRegs16_8
                0x000000000800188c       0x26 build/ArduCAM.o
                0x000000000800188c                wrSensorRegs16_8
 *fill*         0x00000000080018b2        0x2 
 .text.rdSensorReg16_8
                0x00000000080018b4       0x40 build/ArduCAM.o
                0x00000000080018b4                rdSensorReg16_8
 .text.ArduCAM_Init
                0x00000000080018f4      0x1c4 build/ArduCAM.o
                0x00000000080018f4                ArduCAM_Init
 .text.HAL_PCD_EP_DB_Receive
                0x0000000008001ab8      0x116 build/stm32f1xx_hal_pcd.o
 .text.HAL_PCD_Init
                0x0000000008001bce      0x10c build/stm32f1xx_hal_pcd.o
                0x0000000008001bce                HAL_PCD_Init
 .text.HAL_PCD_Start
                0x0000000008001cda       0x32 build/stm32f1xx_hal_pcd.o
                0x0000000008001cda                HAL_PCD_Start
 .text.HAL_PCD_EP_DB_Transmit
                0x0000000008001d0c      0x420 build/stm32f1xx_hal_pcd.o
 .text.PCD_EP_ISR_Handler
                0x000000000800212c      0x440 build/stm32f1xx_hal_pcd.o
 .text.HAL_PCD_SetAddress
                0x000000000800256c       0x28 build/stm32f1xx_hal_pcd.o
                0x000000000800256c                HAL_PCD_SetAddress
 .text.HAL_PCD_IRQHandler
                0x0000000008002594      0x1d2 build/stm32f1xx_hal_pcd.o
                0x0000000008002594                HAL_PCD_IRQHandler
 .text.HAL_PCD_EP_Open
                0x0000000008002766       0x78 build/stm32f1xx_hal_pcd.o
                0x0000000008002766                HAL_PCD_EP_Open
 .text.HAL_PCD_EP_Close
                0x00000000080027de       0x64 build/stm32f1xx_hal_pcd.o
                0x00000000080027de                HAL_PCD_EP_Close
 .text.HAL_PCD_EP_Receive
                0x0000000008002842       0x44 build/stm32f1xx_hal_pcd.o
                0x0000000008002842                HAL_PCD_EP_Receive
 .text.HAL_PCD_EP_GetRxCount
                0x0000000008002886       0x12 build/stm32f1xx_hal_pcd.o
                0x0000000008002886                HAL_PCD_EP_GetRxCount
 .text.HAL_PCD_EP_Transmit
                0x0000000008002898       0x46 build/stm32f1xx_hal_pcd.o
                0x0000000008002898                HAL_PCD_EP_Transmit
 .text.HAL_PCD_EP_SetStall
                0x00000000080028de       0x78 build/stm32f1xx_hal_pcd.o
                0x00000000080028de                HAL_PCD_EP_SetStall
 .text.HAL_PCD_EP_ClrStall
                0x0000000008002956       0x76 build/stm32f1xx_hal_pcd.o
                0x0000000008002956                HAL_PCD_EP_ClrStall
 .text.HAL_PCDEx_PMAConfig
                0x00000000080029cc       0x38 build/stm32f1xx_hal_pcd_ex.o
                0x00000000080029cc                HAL_PCDEx_PMAConfig
 .text.USB_CoreInit
                0x0000000008002a04        0xe build/stm32f1xx_ll_usb.o
                0x0000000008002a04                USB_CoreInit
 .text.USB_EnableGlobalInt
                0x0000000008002a12       0x12 build/stm32f1xx_ll_usb.o
                0x0000000008002a12                USB_EnableGlobalInt
 .text.USB_DisableGlobalInt
                0x0000000008002a24       0x14 build/stm32f1xx_ll_usb.o
                0x0000000008002a24                USB_DisableGlobalInt
 .text.USB_SetCurrentMode
                0x0000000008002a38        0x4 build/stm32f1xx_ll_usb.o
                0x0000000008002a38                USB_SetCurrentMode
 .text.USB_DevInit
                0x0000000008002a3c       0x26 build/stm32f1xx_ll_usb.o
                0x0000000008002a3c                USB_DevInit
 .text.USB_ActivateEndpoint
                0x0000000008002a62      0x33e build/stm32f1xx_ll_usb.o
                0x0000000008002a62                USB_ActivateEndpoint
 .text.USB_DeactivateEndpoint
                0x0000000008002da0      0x1d4 build/stm32f1xx_ll_usb.o
                0x0000000008002da0                USB_DeactivateEndpoint
 .text.USB_EPSetStall
                0x0000000008002f74       0x4a build/stm32f1xx_ll_usb.o
                0x0000000008002f74                USB_EPSetStall
 .text.USB_EPClearStall
                0x0000000008002fbe       0xa2 build/stm32f1xx_ll_usb.o
                0x0000000008002fbe                USB_EPClearStall
 .text.USB_SetDevAddress
                0x0000000008003060        0xc build/stm32f1xx_ll_usb.o
                0x0000000008003060                USB_SetDevAddress
 .text.USB_DevConnect
                0x000000000800306c        0x4 build/stm32f1xx_ll_usb.o
                0x000000000800306c                USB_DevConnect
 .text.USB_DevDisconnect
                0x0000000008003070        0x4 build/stm32f1xx_ll_usb.o
                0x0000000008003070                USB_DevDisconnect
 .text.USB_ReadInterrupts
                0x0000000008003074        0x8 build/stm32f1xx_ll_usb.o
                0x0000000008003074                USB_ReadInterrupts
 .text.USB_EP0_OutStart
                0x000000000800307c        0x4 build/stm32f1xx_ll_usb.o
                0x000000000800307c                USB_EP0_OutStart
 .text.USB_WritePMA
                0x0000000008003080       0x26 build/stm32f1xx_ll_usb.o
                0x0000000008003080                USB_WritePMA
 .text.USB_EPStartXfer
                0x00000000080030a6      0x8b2 build/stm32f1xx_ll_usb.o
                0x00000000080030a6                USB_EPStartXfer
 .text.USB_ReadPMA
                0x0000000008003958       0x2e build/stm32f1xx_ll_usb.o
                0x0000000008003958                USB_ReadPMA
 *fill*         0x0000000008003986        0x2 
 .text.HAL_InitTick
                0x0000000008003988       0x4c build/stm32f1xx_hal.o
                0x0000000008003988                HAL_InitTick
 .text.HAL_Init
                0x00000000080039d4       0x24 build/stm32f1xx_hal.o
                0x00000000080039d4                HAL_Init
 .text.HAL_IncTick
                0x00000000080039f8       0x18 build/stm32f1xx_hal.o
                0x00000000080039f8                HAL_IncTick
 .text.HAL_GetTick
                0x0000000008003a10        0xc build/stm32f1xx_hal.o
                0x0000000008003a10                HAL_GetTick
 .text.HAL_Delay
                0x0000000008003a1c       0x28 build/stm32f1xx_hal.o
                0x0000000008003a1c                HAL_Delay
 .text.RCC_Delay
                0x0000000008003a44       0x2c build/stm32f1xx_hal_rcc.o
 .text.HAL_RCC_OscConfig
                0x0000000008003a70      0x410 build/stm32f1xx_hal_rcc.o
                0x0000000008003a70                HAL_RCC_OscConfig
 .text.HAL_RCC_GetSysClockFreq
                0x0000000008003e80       0x6c build/stm32f1xx_hal_rcc.o
                0x0000000008003e80                HAL_RCC_GetSysClockFreq
 .text.HAL_RCC_ClockConfig
                0x0000000008003eec      0x16c build/stm32f1xx_hal_rcc.o
                0x0000000008003eec                HAL_RCC_ClockConfig
 .text.HAL_RCC_GetHCLKFreq
                0x0000000008004058        0xc build/stm32f1xx_hal_rcc.o
                0x0000000008004058                HAL_RCC_GetHCLKFreq
 .text.HAL_RCC_GetPCLK1Freq
                0x0000000008004064       0x20 build/stm32f1xx_hal_rcc.o
                0x0000000008004064                HAL_RCC_GetPCLK1Freq
 .text.HAL_RCC_GetPCLK2Freq
                0x0000000008004084       0x20 build/stm32f1xx_hal_rcc.o
                0x0000000008004084                HAL_RCC_GetPCLK2Freq
 .text.HAL_RCCEx_PeriphCLKConfig
                0x00000000080040a4      0x114 build/stm32f1xx_hal_rcc_ex.o
                0x00000000080040a4                HAL_RCCEx_PeriphCLKConfig
 .text.HAL_GPIO_Init
                0x00000000080041b8      0x220 build/stm32f1xx_hal_gpio.o
                0x00000000080041b8                HAL_GPIO_Init
 .text.HAL_GPIO_WritePin
                0x00000000080043d8        0xc build/stm32f1xx_hal_gpio.o
                0x00000000080043d8                HAL_GPIO_WritePin
 .text.HAL_GPIO_TogglePin
                0x00000000080043e4       0x12 build/stm32f1xx_hal_gpio.o
                0x00000000080043e4                HAL_GPIO_TogglePin
 *fill*         0x00000000080043f6        0x2 
 .text.HAL_NVIC_SetPriorityGrouping
                0x00000000080043f8       0x24 build/stm32f1xx_hal_cortex.o
                0x00000000080043f8                HAL_NVIC_SetPriorityGrouping
 .text.HAL_NVIC_SetPriority
                0x000000000800441c       0x68 build/stm32f1xx_hal_cortex.o
                0x000000000800441c                HAL_NVIC_SetPriority
 .text.HAL_NVIC_EnableIRQ
                0x0000000008004484       0x1c build/stm32f1xx_hal_cortex.o
                0x0000000008004484                HAL_NVIC_EnableIRQ
 .text.HAL_SYSTICK_Config
                0x00000000080044a0       0x2c build/stm32f1xx_hal_cortex.o
                0x00000000080044a0                HAL_SYSTICK_Config
 .text.SPI_WaitFlagStateUntilTimeout
                0x00000000080044cc       0xd0 build/stm32f1xx_hal_spi.o
 .text.SPI_EndRxTxTransaction
                0x000000000800459c       0x24 build/stm32f1xx_hal_spi.o
 .text.SPI_EndRxTransaction
                0x00000000080045c0       0x74 build/stm32f1xx_hal_spi.o
 .text.HAL_SPI_Init
                0x0000000008004634       0xb6 build/stm32f1xx_hal_spi.o
                0x0000000008004634                HAL_SPI_Init
 .text.HAL_SPI_Transmit
                0x00000000080046ea      0x1ae build/stm32f1xx_hal_spi.o
                0x00000000080046ea                HAL_SPI_Transmit
 .text.HAL_SPI_TransmitReceive
                0x0000000008004898      0x238 build/stm32f1xx_hal_spi.o
                0x0000000008004898                HAL_SPI_TransmitReceive
 .text.HAL_SPI_Receive
                0x0000000008004ad0      0x174 build/stm32f1xx_hal_spi.o
                0x0000000008004ad0                HAL_SPI_Receive
 .text.HAL_TIM_Base_Start
                0x0000000008004c44       0x5c build/stm32f1xx_hal_tim.o
                0x0000000008004c44                HAL_TIM_Base_Start
 .text.SystemInit
                0x0000000008004ca0        0x2 build/system_stm32f1xx.o
                0x0000000008004ca0                SystemInit
 *fill*         0x0000000008004ca2        0x2 
 .text.disk_status
                0x0000000008004ca4       0x18 build/diskio.o
                0x0000000008004ca4                disk_status
 .text.disk_initialize
                0x0000000008004cbc       0x28 build/diskio.o
                0x0000000008004cbc                disk_initialize
 .text.disk_read
                0x0000000008004ce4       0x18 build/diskio.o
                0x0000000008004ce4                disk_read
 .text.disk_write
                0x0000000008004cfc       0x18 build/diskio.o
                0x0000000008004cfc                disk_write
 .text.disk_ioctl
                0x0000000008004d14       0x18 build/diskio.o
                0x0000000008004d14                disk_ioctl
 .text.mem_cpy  0x0000000008004d2c       0x12 build/ff.o
 .text.mem_set  0x0000000008004d3e        0xe build/ff.o
 .text.mem_cmp  0x0000000008004d4c       0x1c build/ff.o
 .text.chk_chr  0x0000000008004d68       0x10 build/ff.o
 .text.chk_lock
                0x0000000008004d78       0x8c build/ff.o
 .text.enq_lock
                0x0000000008004e04       0x24 build/ff.o
 .text.inc_lock
                0x0000000008004e28       0xd0 build/ff.o
 .text.dec_lock
                0x0000000008004ef8       0x48 build/ff.o
 .text.clear_lock
                0x0000000008004f40       0x44 build/ff.o
 .text.clmt_clust
                0x0000000008004f84       0x28 build/ff.o
 .text.ld_clust
                0x0000000008004fac       0x22 build/ff.o
 .text.st_clust
                0x0000000008004fce       0x14 build/ff.o
 *fill*         0x0000000008004fe2        0x2 
 .text.create_name
                0x0000000008004fe4      0x114 build/ff.o
 .text.get_ldnumber
                0x00000000080050f8       0x52 build/ff.o
 .text.sync_window
                0x000000000800514a       0x62 build/ff.o
 .text.move_window
                0x00000000080051ac       0x3a build/ff.o
 *fill*         0x00000000080051e6        0x2 
 .text.check_fs
                0x00000000080051e8       0x90 build/ff.o
 .text.validate
                0x0000000008005278       0x34 build/ff.o
 .text.find_volume
                0x00000000080052ac      0x3ac build/ff.o
 .text.sync_fs  0x0000000008005658       0xc2 build/ff.o
 .text.clust2sect
                0x000000000800571a       0x1e build/ff.o
                0x000000000800571a                clust2sect
 .text.get_fat  0x0000000008005738       0xdc build/ff.o
                0x0000000008005738                get_fat
 .text.dir_sdi  0x0000000008005814       0xb6 build/ff.o
 .text.put_fat  0x00000000080058ca      0x118 build/ff.o
                0x00000000080058ca                put_fat
 .text.create_chain
                0x00000000080059e2       0xce build/ff.o
 .text.dir_next
                0x0000000008005ab0      0x140 build/ff.o
 .text.dir_find
                0x0000000008005bf0       0x56 build/ff.o
 .text.follow_path
                0x0000000008005c46       0x8a build/ff.o
 .text.dir_alloc
                0x0000000008005cd0       0x54 build/ff.o
 .text.dir_register
                0x0000000008005d24       0x4a build/ff.o
 .text.remove_chain
                0x0000000008005d6e       0x74 build/ff.o
 *fill*         0x0000000008005de2        0x2 
 .text.f_mount  0x0000000008005de4       0x60 build/ff.o
                0x0000000008005de4                f_mount
 .text.f_open   0x0000000008005e44      0x1ea build/ff.o
                0x0000000008005e44                f_open
 .text.f_read   0x000000000800602e      0x1ec build/ff.o
                0x000000000800602e                f_read
 .text.f_write  0x000000000800621a      0x23a build/ff.o
                0x000000000800621a                f_write
 .text.f_sync   0x0000000008006454       0xbe build/ff.o
                0x0000000008006454                f_sync
 .text.f_close  0x0000000008006512       0x28 build/ff.o
                0x0000000008006512                f_close
 .text.f_getfree
                0x000000000800653a       0xf6 build/ff.o
                0x000000000800653a                f_getfree
 .text.f_gets   0x0000000008006630       0x4c build/ff.o
                0x0000000008006630                f_gets
 .text.FATFS_LinkDriverEx
                0x000000000800667c       0x48 build/ff_gen_drv.o
                0x000000000800667c                FATFS_LinkDriverEx
 .text.FATFS_LinkDriver
                0x00000000080066c4        0xa build/ff_gen_drv.o
                0x00000000080066c4                FATFS_LinkDriver
 .text.USBD_Init
                0x00000000080066ce       0x2e build/usbd_core.o
                0x00000000080066ce                USBD_Init
 .text.USBD_RegisterClass
                0x00000000080066fc        0xe build/usbd_core.o
                0x00000000080066fc                USBD_RegisterClass
 .text.USBD_Start
                0x000000000800670a        0xa build/usbd_core.o
                0x000000000800670a                USBD_Start
 .text.USBD_SetClassConfig
                0x0000000008006714       0x18 build/usbd_core.o
                0x0000000008006714                USBD_SetClassConfig
 .text.USBD_ClrClassConfig
                0x000000000800672c        0xe build/usbd_core.o
                0x000000000800672c                USBD_ClrClassConfig
 .text.USBD_LL_SetupStage
                0x000000000800673a       0x5a build/usbd_core.o
                0x000000000800673a                USBD_LL_SetupStage
 .text.USBD_LL_DataOutStage
                0x0000000008006794       0x8c build/usbd_core.o
                0x0000000008006794                USBD_LL_DataOutStage
 .text.USBD_LL_DataInStage
                0x0000000008006820       0xd0 build/usbd_core.o
                0x0000000008006820                USBD_LL_DataInStage
 .text.USBD_LL_Reset
                0x00000000080068f0       0x50 build/usbd_core.o
                0x00000000080068f0                USBD_LL_Reset
 .text.USBD_LL_SetSpeed
                0x0000000008006940        0x6 build/usbd_core.o
                0x0000000008006940                USBD_LL_SetSpeed
 .text.USBD_LL_Suspend
                0x0000000008006946       0x12 build/usbd_core.o
                0x0000000008006946                USBD_LL_Suspend
 .text.USBD_LL_Resume
                0x0000000008006958       0x16 build/usbd_core.o
                0x0000000008006958                USBD_LL_Resume
 .text.USBD_LL_SOF
                0x000000000800696e       0x1c build/usbd_core.o
                0x000000000800696e                USBD_LL_SOF
 .text.USBD_GetLen
                0x000000000800698a       0x12 build/usbd_ctlreq.o
 .text.USBD_SetFeature
                0x000000000800699c       0x14 build/usbd_ctlreq.o
 .text.USBD_ParseSetupRequest
                0x00000000080069b0       0x28 build/usbd_ctlreq.o
                0x00000000080069b0                USBD_ParseSetupRequest
 .text.USBD_CtlError
                0x00000000080069d8       0x14 build/usbd_ctlreq.o
                0x00000000080069d8                USBD_CtlError
 .text.USBD_GetDescriptor
                0x00000000080069ec      0x186 build/usbd_ctlreq.o
 .text.USBD_SetAddress
                0x0000000008006b72       0x4e build/usbd_ctlreq.o
 .text.USBD_SetConfig
                0x0000000008006bc0       0xb0 build/usbd_ctlreq.o
 .text.USBD_GetConfig
                0x0000000008006c70       0x3e build/usbd_ctlreq.o
 .text.USBD_GetStatus
                0x0000000008006cae       0x38 build/usbd_ctlreq.o
 .text.USBD_ClrFeature
                0x0000000008006ce6       0x26 build/usbd_ctlreq.o
 .text.USBD_StdDevReq
                0x0000000008006d0c       0x68 build/usbd_ctlreq.o
                0x0000000008006d0c                USBD_StdDevReq
 .text.USBD_StdItfReq
                0x0000000008006d74       0x60 build/usbd_ctlreq.o
                0x0000000008006d74                USBD_StdItfReq
 .text.USBD_StdEPReq
                0x0000000008006dd4      0x1e2 build/usbd_ctlreq.o
                0x0000000008006dd4                USBD_StdEPReq
 .text.USBD_GetString
                0x0000000008006fb6       0x38 build/usbd_ctlreq.o
                0x0000000008006fb6                USBD_GetString
 .text.USBD_CtlSendData
                0x0000000008006fee       0x1a build/usbd_ioreq.o
                0x0000000008006fee                USBD_CtlSendData
 .text.USBD_CtlContinueSendData
                0x0000000008007008       0x10 build/usbd_ioreq.o
                0x0000000008007008                USBD_CtlContinueSendData
 .text.USBD_CtlPrepareRx
                0x0000000008007018       0x1e build/usbd_ioreq.o
                0x0000000008007018                USBD_CtlPrepareRx
 .text.USBD_CtlContinueRx
                0x0000000008007036       0x10 build/usbd_ioreq.o
                0x0000000008007036                USBD_CtlContinueRx
 .text.USBD_CtlSendStatus
                0x0000000008007046       0x16 build/usbd_ioreq.o
                0x0000000008007046                USBD_CtlSendStatus
 .text.USBD_CtlReceiveStatus
                0x000000000800705c       0x16 build/usbd_ioreq.o
                0x000000000800705c                USBD_CtlReceiveStatus
 .text.USBD_CDC_EP0_RxReady
                0x0000000008007072       0x28 build/usbd_cdc.o
 *fill*         0x000000000800709a        0x2 
 .text.USBD_CDC_GetFSCfgDesc
                0x000000000800709c        0xc build/usbd_cdc.o
 .text.USBD_CDC_GetHSCfgDesc
                0x00000000080070a8        0xc build/usbd_cdc.o
 .text.USBD_CDC_GetOtherSpeedCfgDesc
                0x00000000080070b4        0xc build/usbd_cdc.o
 .text.USBD_CDC_GetDeviceQualifierDescriptor
                0x00000000080070c0        0xc build/usbd_cdc.o
                0x00000000080070c0                USBD_CDC_GetDeviceQualifierDescriptor
 .text.USBD_CDC_DataOut
                0x00000000080070cc       0x2e build/usbd_cdc.o
 .text.USBD_CDC_DataIn
                0x00000000080070fa       0x4e build/usbd_cdc.o
 .text.USBD_CDC_Setup
                0x0000000008007148       0xd6 build/usbd_cdc.o
 .text.USBD_CDC_DeInit
                0x000000000800721e       0x42 build/usbd_cdc.o
 .text.USBD_CDC_Init
                0x0000000008007260       0xaa build/usbd_cdc.o
 .text.USBD_CDC_RegisterInterface
                0x000000000800730a        0xe build/usbd_cdc.o
                0x000000000800730a                USBD_CDC_RegisterInterface
 .text.USBD_CDC_SetTxBuffer
                0x0000000008007318       0x10 build/usbd_cdc.o
                0x0000000008007318                USBD_CDC_SetTxBuffer
 .text.USBD_CDC_SetRxBuffer
                0x0000000008007328        0xc build/usbd_cdc.o
                0x0000000008007328                USBD_CDC_SetRxBuffer
 .text.USBD_CDC_ReceivePacket
                0x0000000008007334       0x30 build/usbd_cdc.o
                0x0000000008007334                USBD_CDC_ReceivePacket
 .text.I2C_IsAcknowledgeFailed
                0x0000000008007364       0x32 build/stm32f1xx_hal_i2c.o
 .text.I2C_WaitOnFlagUntilTimeout
                0x0000000008007396       0x74 build/stm32f1xx_hal_i2c.o
 .text.I2C_WaitOnMasterAddressFlagUntilTimeout
                0x000000000800740a       0xaa build/stm32f1xx_hal_i2c.o
 .text.I2C_MasterRequestWrite
                0x00000000080074b4       0xb4 build/stm32f1xx_hal_i2c.o
 .text.I2C_MasterRequestRead
                0x0000000008007568      0x120 build/stm32f1xx_hal_i2c.o
 .text.I2C_WaitOnTXEFlagUntilTimeout
                0x0000000008007688       0x54 build/stm32f1xx_hal_i2c.o
 .text.I2C_WaitOnBTFFlagUntilTimeout
                0x00000000080076dc       0x54 build/stm32f1xx_hal_i2c.o
 .text.I2C_WaitOnRXNEFlagUntilTimeout
                0x0000000008007730       0x6a build/stm32f1xx_hal_i2c.o
 *fill*         0x000000000800779a        0x2 
 .text.HAL_I2C_Init
                0x000000000800779c      0x1bc build/stm32f1xx_hal_i2c.o
                0x000000000800779c                HAL_I2C_Init
 .text.HAL_I2C_Master_Transmit
                0x0000000008007958      0x178 build/stm32f1xx_hal_i2c.o
                0x0000000008007958                HAL_I2C_Master_Transmit
 .text.HAL_I2C_Master_Receive
                0x0000000008007ad0      0x340 build/stm32f1xx_hal_i2c.o
                0x0000000008007ad0                HAL_I2C_Master_Receive
 .text.UART_SetConfig
                0x0000000008007e10       0x90 build/stm32f1xx_hal_uart.o
 .text.UART_WaitOnFlagUntilTimeout
                0x0000000008007ea0       0x68 build/stm32f1xx_hal_uart.o
 .text.HAL_UART_Init
                0x0000000008007f08       0x5e build/stm32f1xx_hal_uart.o
                0x0000000008007f08                HAL_UART_Init
 .text.HAL_UART_Transmit
                0x0000000008007f66       0xd8 build/stm32f1xx_hal_uart.o
                0x0000000008007f66                HAL_UART_Transmit
 *fill*         0x000000000800803e        0x2 
 .text.Reset_Handler
                0x0000000008008040       0x48 build/startup_stm32f103xb.o
                0x0000000008008040                Reset_Handler
 .text.Default_Handler
                0x0000000008008088        0x2 build/startup_stm32f103xb.o
                0x0000000008008088                RTC_Alarm_IRQHandler
                0x0000000008008088                EXTI2_IRQHandler
                0x0000000008008088                TIM1_CC_IRQHandler
                0x0000000008008088                PVD_IRQHandler
                0x0000000008008088                EXTI3_IRQHandler
                0x0000000008008088                EXTI0_IRQHandler
                0x0000000008008088                I2C2_EV_IRQHandler
                0x0000000008008088                ADC1_2_IRQHandler
                0x0000000008008088                SPI1_IRQHandler
                0x0000000008008088                TAMPER_IRQHandler
                0x0000000008008088                DMA1_Channel4_IRQHandler
                0x0000000008008088                USART3_IRQHandler
                0x0000000008008088                RTC_IRQHandler
                0x0000000008008088                DMA1_Channel7_IRQHandler
                0x0000000008008088                CAN1_RX1_IRQHandler
                0x0000000008008088                TIM4_IRQHandler
                0x0000000008008088                I2C1_EV_IRQHandler
                0x0000000008008088                DMA1_Channel6_IRQHandler
                0x0000000008008088                TIM3_IRQHandler
                0x0000000008008088                RCC_IRQHandler
                0x0000000008008088                TIM1_TRG_COM_IRQHandler
                0x0000000008008088                DMA1_Channel1_IRQHandler
                0x0000000008008088                Default_Handler
                0x0000000008008088                EXTI15_10_IRQHandler
                0x0000000008008088                EXTI9_5_IRQHandler
                0x0000000008008088                SPI2_IRQHandler
                0x0000000008008088                DMA1_Channel5_IRQHandler
                0x0000000008008088                EXTI4_IRQHandler
                0x0000000008008088                USB_HP_CAN1_TX_IRQHandler
                0x0000000008008088                DMA1_Channel3_IRQHandler
                0x0000000008008088                TIM1_UP_IRQHandler
                0x0000000008008088                WWDG_IRQHandler
                0x0000000008008088                TIM2_IRQHandler
                0x0000000008008088                TIM1_BRK_IRQHandler
                0x0000000008008088                EXTI1_IRQHandler
                0x0000000008008088                USART2_IRQHandler
                0x0000000008008088                I2C2_ER_IRQHandler
                0x0000000008008088                DMA1_Channel2_IRQHandler
                0x0000000008008088                CAN1_SCE_IRQHandler
                0x0000000008008088                FLASH_IRQHandler
                0x0000000008008088                USART1_IRQHandler
                0x0000000008008088                I2C1_ER_IRQHandler
                0x0000000008008088                USBWakeUp_IRQHandler
 *fill*         0x000000000800808a        0x2 
 .text.__libc_init_array
                0x000000000800808c       0x48 /opt/gcc-arm-none-eabi-9-2020-q2-update/bin/../lib/gcc/arm-none-eabi/9.3.1/../../../../arm-none-eabi/lib/thumb/v7-m/nofp/libc_nano.a(lib_a-init.o)
                0x000000000800808c                __libc_init_array
 .text.sprintf  0x00000000080080d4       0x40 /opt/gcc-arm-none-eabi-9-2020-q2-update/bin/../lib/gcc/arm-none-eabi/9.3.1/../../../../arm-none-eabi/lib/thumb/v7-m/nofp/libc_nano.a(lib_a-sprintf.o)
                0x00000000080080d4                sprintf
                0x00000000080080d4                siprintf
 .text.__ssputs_r
                0x0000000008008114       0xb6 /opt/gcc-arm-none-eabi-9-2020-q2-update/bin/../lib/gcc/arm-none-eabi/9.3.1/../../../../arm-none-eabi/lib/thumb/v7-m/nofp/libc_nano.a(lib_a-nano-svfprintf.o)
                0x0000000008008114                __ssputs_r
 *fill*         0x00000000080081ca        0x2 
 .text._svfprintf_r
                0x00000000080081cc      0x200 /opt/gcc-arm-none-eabi-9-2020-q2-update/bin/../lib/gcc/arm-none-eabi/9.3.1/../../../../arm-none-eabi/lib/thumb/v7-m/nofp/libc_nano.a(lib_a-nano-svfprintf.o)
                0x00000000080081cc                _svfprintf_r
                0x00000000080081cc                _svfiprintf_r
 .text._printf_common
                0x00000000080083cc       0xde /opt/gcc-arm-none-eabi-9-2020-q2-update/bin/../lib/gcc/arm-none-eabi/9.3.1/../../../../arm-none-eabi/lib/thumb/v7-m/nofp/libc_nano.a(lib_a-nano-vfprintf_i.o)
                0x00000000080083cc                _printf_common
 *fill*         0x00000000080084aa        0x2 
 .text._printf_i
                0x00000000080084ac      0x24c /opt/gcc-arm-none-eabi-9-2020-q2-update/bin/../lib/gcc/arm-none-eabi/9.3.1/../../../../arm-none-eabi/lib/thumb/v7-m/nofp/libc_nano.a(lib_a-nano-vfprintf_i.o)
                0x00000000080084ac                _printf_i
 .text.memchr   0x00000000080086f8       0x1c /opt/gcc-arm-none-eabi-9-2020-q2-update/bin/../lib/gcc/arm-none-eabi/9.3.1/../../../../arm-none-eabi/lib/thumb/v7-m/nofp/libc_nano.a(lib_a-memchr-stub.o)
                0x00000000080086f8                memchr
 .text.memcpy   0x0000000008008714       0x1c /opt/gcc-arm-none-eabi-9-2020-q2-update/bin/../lib/gcc/arm-none-eabi/9.3.1/../../../../arm-none-eabi/lib/thumb/v7-m/nofp/libc_nano.a(lib_a-memcpy-stub.o)
                0x0000000008008714                memcpy
 .text.memmove  0x0000000008008730       0x34 /opt/gcc-arm-none-eabi-9-2020-q2-update/bin/../lib/gcc/arm-none-eabi/9.3.1/../../../../arm-none-eabi/lib/thumb/v7-m/nofp/libc_nano.a(lib_a-memmove.o)
                0x0000000008008730                memmove
 .text._free_r  0x0000000008008764       0x98 /opt/gcc-arm-none-eabi-9-2020-q2-update/bin/../lib/gcc/arm-none-eabi/9.3.1/../../../../arm-none-eabi/lib/thumb/v7-m/nofp/libc_nano.a(lib_a-nano-freer.o)
                0x0000000008008764                _free_r
 .text._malloc_r
                0x00000000080087fc       0xb4 /opt/gcc-arm-none-eabi-9-2020-q2-update/bin/../lib/gcc/arm-none-eabi/9.3.1/../../../../arm-none-eabi/lib/thumb/v7-m/nofp/libc_nano.a(lib_a-nano-mallocr.o)
                0x00000000080087fc                _malloc_r
 .text._realloc_r
                0x00000000080088b0       0x4c /opt/gcc-arm-none-eabi-9-2020-q2-update/bin/../lib/gcc/arm-none-eabi/9.3.1/../../../../arm-none-eabi/lib/thumb/v7-m/nofp/libc_nano.a(lib_a-nano-reallocr.o)
                0x00000000080088b0                _realloc_r
 .text._sbrk_r  0x00000000080088fc       0x20 /opt/gcc-arm-none-eabi-9-2020-q2-update/bin/../lib/gcc/arm-none-eabi/9.3.1/../../../../arm-none-eabi/lib/thumb/v7-m/nofp/libc_nano.a(lib_a-sbrkr.o)
                0x00000000080088fc                _sbrk_r
 .text.__malloc_lock
                0x000000000800891c        0xc /opt/gcc-arm-none-eabi-9-2020-q2-update/bin/../lib/gcc/arm-none-eabi/9.3.1/../../../../arm-none-eabi/lib/thumb/v7-m/nofp/libc_nano.a(lib_a-mlock.o)
                0x000000000800891c                __malloc_lock
 .text.__malloc_unlock
                0x0000000008008928        0xc /opt/gcc-arm-none-eabi-9-2020-q2-update/bin/../lib/gcc/arm-none-eabi/9.3.1/../../../../arm-none-eabi/lib/thumb/v7-m/nofp/libc_nano.a(lib_a-mlock.o)
                0x0000000008008928                __malloc_unlock
 .text._malloc_usable_size_r
                0x0000000008008934       0x10 /opt/gcc-arm-none-eabi-9-2020-q2-update/bin/../lib/gcc/arm-none-eabi/9.3.1/../../../../arm-none-eabi/lib/thumb/v7-m/nofp/libc_nano.a(lib_a-nano-msizer.o)
                0x0000000008008934                _malloc_usable_size_r
 .text.__retarget_lock_acquire_recursive
                0x0000000008008944        0x2 /opt/gcc-arm-none-eabi-9-2020-q2-update/bin/../lib/gcc/arm-none-eabi/9.3.1/../../../../arm-none-eabi/lib/thumb/v7-m/nofp/libc_nano.a(lib_a-lock.o)
                0x0000000008008944                __retarget_lock_acquire_recursive
 .text.__retarget_lock_release_recursive
                0x0000000008008946        0x2 /opt/gcc-arm-none-eabi-9-2020-q2-update/bin/../lib/gcc/arm-none-eabi/9.3.1/../../../../arm-none-eabi/lib/thumb/v7-m/nofp/libc_nano.a(lib_a-lock.o)
                0x0000000008008946                __retarget_lock_release_recursive
 .text._sbrk    0x0000000008008948       0x1c /opt/gcc-arm-none-eabi-9-2020-q2-update/bin/../lib/gcc/arm-none-eabi/9.3.1/../../../../arm-none-eabi/lib/thumb/v7-m/nofp/libnosys.a(sbrk.o)
                0x0000000008008948                _sbrk
 *(.glue_7)
 .glue_7        0x0000000008008964        0x0 linker stubs
 *(.glue_7t)
 .glue_7t       0x0000000008008964        0x0 linker stubs
 *(.eh_frame)
 .eh_frame      0x0000000008008964        0x0 /opt/gcc-arm-none-eabi-9-2020-q2-update/bin/../lib/gcc/arm-none-eabi/9.3.1/thumb/v7-m/nofp/crtbegin.o
 *(.init)
 .init          0x0000000008008964        0x4 /opt/gcc-arm-none-eabi-9-2020-q2-update/bin/../lib/gcc/arm-none-eabi/9.3.1/thumb/v7-m/nofp/crti.o
                0x0000000008008964                _init
 .init          0x0000000008008968        0x8 /opt/gcc-arm-none-eabi-9-2020-q2-update/bin/../lib/gcc/arm-none-eabi/9.3.1/thumb/v7-m/nofp/crtn.o
 *(.fini)
 .fini          0x0000000008008970        0x4 /opt/gcc-arm-none-eabi-9-2020-q2-update/bin/../lib/gcc/arm-none-eabi/9.3.1/thumb/v7-m/nofp/crti.o
                0x0000000008008970                _fini
 .fini          0x0000000008008974        0x8 /opt/gcc-arm-none-eabi-9-2020-q2-update/bin/../lib/gcc/arm-none-eabi/9.3.1/thumb/v7-m/nofp/crtn.o
                0x000000000800897c                . = ALIGN (0x4)
                0x000000000800897c                _etext = .

.vfp11_veneer   0x000000000800897c        0x0
 .vfp11_veneer  0x000000000800897c        0x0 linker stubs

.v4_bx          0x000000000800897c        0x0
 .v4_bx         0x000000000800897c        0x0 linker stubs

.iplt           0x000000000800897c        0x0
 .iplt          0x000000000800897c        0x0 /opt/gcc-arm-none-eabi-9-2020-q2-update/bin/../lib/gcc/arm-none-eabi/9.3.1/thumb/v7-m/nofp/crtbegin.o

.rodata         0x000000000800897c     0x2034
                0x000000000800897c                . = ALIGN (0x4)
 *(.rodata)
 *(.rodata*)
 .rodata.main.str1.4
                0x000000000800897c      0x2ed build/main.o
                                        0x2f1 (size before relaxing)
 *fill*         0x0000000008008c69        0x3 
 .rodata.USBD_FS_ProductStrDescriptor.str1.4
                0x0000000008008c6c       0x16 build/usbd_desc.o
 *fill*         0x0000000008008c82        0x2 
 .rodata.USBD_FS_ManufacturerStrDescriptor.str1.4
                0x0000000008008c84       0x13 build/usbd_desc.o
 *fill*         0x0000000008008c97        0x1 
 .rodata.USBD_FS_ConfigStrDescriptor.str1.4
                0x0000000008008c98        0xb build/usbd_desc.o
 *fill*         0x0000000008008ca3        0x1 
 .rodata.USBD_FS_InterfaceStrDescriptor.str1.4
                0x0000000008008ca4        0xe build/usbd_desc.o
 *fill*         0x0000000008008cb2        0x2 
 .rodata.OV2640_1024x768_JPEG
                0x0000000008008cb4       0x9c build/ArduCAM.o
                0x0000000008008cb4                OV2640_1024x768_JPEG
 .rodata.OV2640_1280x1024_JPEG
                0x0000000008008d50       0xa4 build/ArduCAM.o
                0x0000000008008d50                OV2640_1280x1024_JPEG
 .rodata.OV2640_1600x1200_JPEG
                0x0000000008008df4       0xa4 build/ArduCAM.o
                0x0000000008008df4                OV2640_1600x1200_JPEG
 .rodata.OV2640_160x120_JPEG
                0x0000000008008e98       0xa0 build/ArduCAM.o
                0x0000000008008e98                OV2640_160x120_JPEG
 .rodata.OV2640_176x144_JPEG
                0x0000000008008f38       0xa0 build/ArduCAM.o
                0x0000000008008f38                OV2640_176x144_JPEG
 .rodata.OV2640_320x240_JPEG
                0x0000000008008fd8       0xa0 build/ArduCAM.o
                0x0000000008008fd8                OV2640_320x240_JPEG
 .rodata.OV2640_352x288_JPEG
                0x0000000008009078       0xa0 build/ArduCAM.o
                0x0000000008009078                OV2640_352x288_JPEG
 .rodata.OV2640_640x480_JPEG
                0x0000000008009118       0xa4 build/ArduCAM.o
                0x0000000008009118                OV2640_640x480_JPEG
 .rodata.OV2640_800x600_JPEG
                0x00000000080091bc       0xa4 build/ArduCAM.o
                0x00000000080091bc                OV2640_800x600_JPEG
 .rodata.OV2640_JPEG
                0x0000000008009260       0x24 build/ArduCAM.o
                0x0000000008009260                OV2640_JPEG
 .rodata.OV2640_JPEG_INIT
                0x0000000008009284      0x2fc build/ArduCAM.o
                0x0000000008009284                OV2640_JPEG_INIT
 .rodata.OV2640_QVGA
                0x0000000008009580      0x308 build/ArduCAM.o
                0x0000000008009580                OV2640_QVGA
 .rodata.OV2640_YUV422
                0x0000000008009888       0x28 build/ArduCAM.o
                0x0000000008009888                OV2640_YUV422
 .rodata.OV5640YUV_Sensor_Dvp_Init
                0x00000000080098b0      0x444 build/ArduCAM.o
                0x00000000080098b0                OV5640YUV_Sensor_Dvp_Init
 .rodata.OV5640_JPEG_QSXGA
                0x0000000008009cf4       0x90 build/ArduCAM.o
                0x0000000008009cf4                OV5640_JPEG_QSXGA
 .rodata.OV5640_QSXGA2QVGA
                0x0000000008009d84       0x68 build/ArduCAM.o
                0x0000000008009d84                OV5640_QSXGA2QVGA
 .rodata.OV5640_RGB_QVGA
                0x0000000008009dec       0x28 build/ArduCAM.o
                0x0000000008009dec                OV5640_RGB_QVGA
 .rodata.OV5642_JPEG_Capture_QSXGA
                0x0000000008009e14      0x120 build/ArduCAM.o
                0x0000000008009e14                OV5642_JPEG_Capture_QSXGA
 .rodata.OV5642_QVGA_Preview
                0x0000000008009f34      0x920 build/ArduCAM.o
                0x0000000008009f34                OV5642_QVGA_Preview
 .rodata.ov5642_320x240
                0x000000000800a854       0x6c build/ArduCAM.o
                0x000000000800a854                ov5642_320x240
 .rodata.HAL_RCC_GetSysClockFreq.str1.4
                0x000000000800a8c0       0x11 build/stm32f1xx_hal_rcc.o
 *fill*         0x000000000800a8d1        0x3 
 .rodata.AHBPrescTable
                0x000000000800a8d4       0x10 build/system_stm32f1xx.o
                0x000000000800a8d4                AHBPrescTable
 .rodata.APBPrescTable
                0x000000000800a8e4        0x8 build/system_stm32f1xx.o
                0x000000000800a8e4                APBPrescTable
 .rodata.create_name.str1.4
                0x000000000800a8ec        0xf build/ff.o
 *fill*         0x000000000800a8fb        0x1 
 .rodata.ExCvt  0x000000000800a8fc       0x80 build/ff.o
 .rodata._svfprintf_r.str1.1
                0x000000000800a97c       0x11 /opt/gcc-arm-none-eabi-9-2020-q2-update/bin/../lib/gcc/arm-none-eabi/9.3.1/../../../../arm-none-eabi/lib/thumb/v7-m/nofp/libc_nano.a(lib_a-nano-svfprintf.o)
 .rodata._printf_i.str1.1
                0x000000000800a98d       0x22 /opt/gcc-arm-none-eabi-9-2020-q2-update/bin/../lib/gcc/arm-none-eabi/9.3.1/../../../../arm-none-eabi/lib/thumb/v7-m/nofp/libc_nano.a(lib_a-nano-vfprintf_i.o)
                0x000000000800a9b0                . = ALIGN (0x4)
 *fill*         0x000000000800a9af        0x1 

.rel.dyn        0x000000000800a9b0        0x0
 .rel.iplt      0x000000000800a9b0        0x0 /opt/gcc-arm-none-eabi-9-2020-q2-update/bin/../lib/gcc/arm-none-eabi/9.3.1/thumb/v7-m/nofp/crtbegin.o

.ARM.extab
 *(.ARM.extab* .gnu.linkonce.armextab.*)

.ARM            0x000000000800a9b0        0x0
                0x000000000800a9b0                __exidx_start = .
 *(.ARM.exidx*)
                0x000000000800a9b0                __exidx_end = .

.preinit_array  0x000000000800a9b0        0x0
                0x000000000800a9b0                PROVIDE (__preinit_array_start = .)
 *(.preinit_array*)
                0x000000000800a9b0                PROVIDE (__preinit_array_end = .)

.init_array     0x000000000800a9b0        0x4
                0x000000000800a9b0                PROVIDE (__init_array_start = .)
 *(SORT_BY_NAME(.init_array.*))
 *(.init_array*)
 .init_array    0x000000000800a9b0        0x4 /opt/gcc-arm-none-eabi-9-2020-q2-update/bin/../lib/gcc/arm-none-eabi/9.3.1/thumb/v7-m/nofp/crtbegin.o
                0x000000000800a9b4                PROVIDE (__init_array_end = .)

.fini_array     0x000000000800a9b4        0x4
                [!provide]                        PROVIDE (__fini_array_start = .)
 *(SORT_BY_NAME(.fini_array.*))
 *(.fini_array*)
 .fini_array    0x000000000800a9b4        0x4 /opt/gcc-arm-none-eabi-9-2020-q2-update/bin/../lib/gcc/arm-none-eabi/9.3.1/thumb/v7-m/nofp/crtbegin.o
                [!provide]                        PROVIDE (__fini_array_end = .)
                0x000000000800a9b8                _sidata = LOADADDR (.data)

.data           0x0000000020000000      0x1f8 load address 0x000000000800a9b8
                0x0000000020000000                . = ALIGN (0x4)
                0x0000000020000000                _sdata = .
 *(.data)
 *(.data*)
 .data.USER_Driver
                0x0000000020000000       0x14 build/user_diskio.o
                0x0000000020000000                USER_Driver
 .data.Stat     0x0000000020000014        0x1 build/user_diskio_spi.o
 *fill*         0x0000000020000015        0x3 
 .data.FS_Desc  0x0000000020000018       0x1c build/usbd_desc.o
                0x0000000020000018                FS_Desc
 .data.USBD_FS_DeviceDesc
                0x0000000020000034       0x12 build/usbd_desc.o
                0x0000000020000034                USBD_FS_DeviceDesc
 *fill*         0x0000000020000046        0x2 
 .data.USBD_LangIDDesc
                0x0000000020000048        0x4 build/usbd_desc.o
                0x0000000020000048                USBD_LangIDDesc
 .data.USBD_StringSerial
                0x000000002000004c       0x1a build/usbd_desc.o
                0x000000002000004c                USBD_StringSerial
 *fill*         0x0000000020000066        0x2 
 .data.USBD_Interface_fops_FS
                0x0000000020000068       0x10 build/usbd_cdc_if.o
                0x0000000020000068                USBD_Interface_fops_FS
 .data.m_fmt    0x0000000020000078        0x1 build/ArduCAM.o
                0x0000000020000078                m_fmt
 .data.uwTickFreq
                0x0000000020000079        0x1 build/stm32f1xx_hal.o
                0x0000000020000079                uwTickFreq
 *fill*         0x000000002000007a        0x2 
 .data.uwTickPrio
                0x000000002000007c        0x4 build/stm32f1xx_hal.o
                0x000000002000007c                uwTickPrio
 .data.SystemCoreClock
                0x0000000020000080        0x4 build/system_stm32f1xx.o
                0x0000000020000080                SystemCoreClock
 .data.USBD_CDC
                0x0000000020000084       0x38 build/usbd_cdc.o
                0x0000000020000084                USBD_CDC
 .data.USBD_CDC_CfgFSDesc
                0x00000000200000bc       0x43 build/usbd_cdc.o
                0x00000000200000bc                USBD_CDC_CfgFSDesc
 *fill*         0x00000000200000ff        0x1 
 .data.USBD_CDC_CfgHSDesc
                0x0000000020000100       0x43 build/usbd_cdc.o
                0x0000000020000100                USBD_CDC_CfgHSDesc
 *fill*         0x0000000020000143        0x1 
 .data.USBD_CDC_DeviceQualifierDesc
                0x0000000020000144        0xa build/usbd_cdc.o
 *fill*         0x000000002000014e        0x2 
 .data.USBD_CDC_OtherSpeedCfgDesc
                0x0000000020000150       0x43 build/usbd_cdc.o
                0x0000000020000150                USBD_CDC_OtherSpeedCfgDesc
 *fill*         0x0000000020000193        0x1 
 .data._impure_ptr
                0x0000000020000194        0x4 /opt/gcc-arm-none-eabi-9-2020-q2-update/bin/../lib/gcc/arm-none-eabi/9.3.1/../../../../arm-none-eabi/lib/thumb/v7-m/nofp/libc_nano.a(lib_a-impure.o)
                0x0000000020000194                _impure_ptr
 .data.impure_data
                0x0000000020000198       0x60 /opt/gcc-arm-none-eabi-9-2020-q2-update/bin/../lib/gcc/arm-none-eabi/9.3.1/../../../../arm-none-eabi/lib/thumb/v7-m/nofp/libc_nano.a(lib_a-impure.o)
                0x00000000200001f8                . = ALIGN (0x4)
                0x00000000200001f8                _edata = .

.igot.plt       0x00000000200001f8        0x0 load address 0x000000000800abb0
 .igot.plt      0x00000000200001f8        0x0 /opt/gcc-arm-none-eabi-9-2020-q2-update/bin/../lib/gcc/arm-none-eabi/9.3.1/thumb/v7-m/nofp/crtbegin.o
                0x00000000200001f8                . = ALIGN (0x4)

.bss            0x00000000200001f8     0x2010 load address 0x000000000800abb0
                0x00000000200001f8                _sbss = .
                0x00000000200001f8                __bss_start__ = _sbss
 *(.bss)
 .bss           0x00000000200001f8       0x1c /opt/gcc-arm-none-eabi-9-2020-q2-update/bin/../lib/gcc/arm-none-eabi/9.3.1/thumb/v7-m/nofp/crtbegin.o
 *(.bss*)
 .bss.buf       0x0000000020000214      0x800 build/main.o
                0x0000000020000214                buf
 .bss.CardType  0x0000000020000a14        0x1 build/user_diskio_spi.o
 *fill*         0x0000000020000a15        0x3 
 .bss.mem.8811  0x0000000020000a18      0x220 build/usbd_conf.o
 .bss.sensor_addr
                0x0000000020000c38        0x1 build/ArduCAM.o
                0x0000000020000c38                sensor_addr
 .bss.sensor_model
                0x0000000020000c39        0x1 build/ArduCAM.o
                0x0000000020000c39                sensor_model
 *fill*         0x0000000020000c3a        0x2 
 .bss.FatFs     0x0000000020000c3c        0x4 build/ff.o
 .bss.Files     0x0000000020000c40       0x18 build/ff.o
 .bss.Fsid      0x0000000020000c58        0x2 build/ff.o
 *fill*         0x0000000020000c5a        0x2 
 .bss.disk      0x0000000020000c5c        0xc build/ff_gen_drv.o
                0x0000000020000c5c                disk
 .bss.cfgidx.8741
                0x0000000020000c68        0x1 build/usbd_ctlreq.o
 *fill*         0x0000000020000c69        0x3 
 .bss.__malloc_free_list
                0x0000000020000c6c        0x4 /opt/gcc-arm-none-eabi-9-2020-q2-update/bin/../lib/gcc/arm-none-eabi/9.3.1/../../../../arm-none-eabi/lib/thumb/v7-m/nofp/libc_nano.a(lib_a-nano-mallocr.o)
                0x0000000020000c6c                __malloc_free_list
 .bss.__malloc_sbrk_start
                0x0000000020000c70        0x4 /opt/gcc-arm-none-eabi-9-2020-q2-update/bin/../lib/gcc/arm-none-eabi/9.3.1/../../../../arm-none-eabi/lib/thumb/v7-m/nofp/libc_nano.a(lib_a-nano-mallocr.o)
                0x0000000020000c70                __malloc_sbrk_start
 .bss.heap_end.4144
                0x0000000020000c74        0x4 /opt/gcc-arm-none-eabi-9-2020-q2-update/bin/../lib/gcc/arm-none-eabi/9.3.1/../../../../arm-none-eabi/lib/thumb/v7-m/nofp/libnosys.a(sbrk.o)
 *(COMMON)
 COMMON         0x0000000020000c78      0x190 build/main.o
                0x0000000020000c78                hspi2
                0x0000000020000cd0                hi2c1
                0x0000000020000d24                huart1
                0x0000000020000d68                htim1
                0x0000000020000db0                hspi1
 COMMON         0x0000000020000e08      0x464 build/fatfs.o
                0x0000000020000e08                USERPath
                0x0000000020000e0c                retUSER
                0x0000000020000e10                USERFile
                0x000000002000103c                USERFatFS
 COMMON         0x000000002000126c        0x8 build/user_diskio_spi.o
                0x000000002000126c                spiTimerTickStart
                0x0000000020001270                spiTimerTickDelay
 COMMON         0x0000000020001274      0x2c4 build/usb_device.o
                0x0000000020001274                hUsbDeviceFS
 COMMON         0x0000000020001538      0x200 build/usbd_desc.o
                0x0000000020001538                USBD_StrDesc
 COMMON         0x0000000020001738      0x7d0 build/usbd_cdc_if.o
                0x0000000020001738                UserRxBufferFS
                0x0000000020001b20                UserTxBufferFS
 COMMON         0x0000000020001f08      0x2ec build/usbd_conf.o
                0x0000000020001f08                hpcd_USB_FS
 COMMON         0x00000000200021f4        0x4 build/stm32f1xx_hal.o
                0x00000000200021f4                uwTick
 COMMON         0x00000000200021f8        0x4 /opt/gcc-arm-none-eabi-9-2020-q2-update/bin/../lib/gcc/arm-none-eabi/9.3.1/../../../../arm-none-eabi/lib/thumb/v7-m/nofp/libc_nano.a(lib_a-reent.o)
                0x00000000200021f8                errno
 COMMON         0x00000000200021fc        0x9 /opt/gcc-arm-none-eabi-9-2020-q2-update/bin/../lib/gcc/arm-none-eabi/9.3.1/../../../../arm-none-eabi/lib/thumb/v7-m/nofp/libc_nano.a(lib_a-lock.o)
                0x00000000200021fc                __lock___atexit_recursive_mutex
                0x00000000200021fd                __lock___arc4random_mutex
                0x00000000200021fe                __lock___env_recursive_mutex
                0x00000000200021ff                __lock___sinit_recursive_mutex
                0x0000000020002200                __lock___malloc_recursive_mutex
                0x0000000020002201                __lock___at_quick_exit_mutex
                0x0000000020002202                __lock___dd_hash_mutex
                0x0000000020002203                __lock___tz_mutex
                0x0000000020002204                __lock___sfp_recursive_mutex
                0x0000000020002208                . = ALIGN (0x4)
 *fill*         0x0000000020002205        0x3 
                0x0000000020002208                _ebss = .
                0x0000000020002208                __bss_end__ = _ebss

._user_heap_stack
                0x0000000020002208      0x600 load address 0x000000000800abb0
                0x0000000020002208                . = ALIGN (0x8)
                0x0000000020002208                PROVIDE (end = .)
                [!provide]                        PROVIDE (_end = .)
                0x0000000020002408                . = (. + _Min_Heap_Size)
 *fill*         0x0000000020002208      0x200 
                0x0000000020002808                . = (. + _Min_Stack_Size)
 *fill*         0x0000000020002408      0x400 
                0x0000000020002808                . = ALIGN (0x8)

/DISCARD/
 libc.a(*)
 libm.a(*)
 libgcc.a(*)

.ARM.attributes
                0x0000000000000000       0x29
 *(.ARM.attributes)
 .ARM.attributes
                0x0000000000000000       0x1d /opt/gcc-arm-none-eabi-9-2020-q2-update/bin/../lib/gcc/arm-none-eabi/9.3.1/thumb/v7-m/nofp/crti.o
 .ARM.attributes
                0x000000000000001d       0x2d /opt/gcc-arm-none-eabi-9-2020-q2-update/bin/../lib/gcc/arm-none-eabi/9.3.1/thumb/v7-m/nofp/crtbegin.o
 .ARM.attributes
                0x000000000000004a       0x2d build/main.o
 .ARM.attributes
                0x0000000000000077       0x2d build/stm32f1xx_it.o
 .ARM.attributes
                0x00000000000000a4       0x2d build/stm32f1xx_hal_msp.o
 .ARM.attributes
                0x00000000000000d1       0x2d build/fatfs.o
 .ARM.attributes
                0x00000000000000fe       0x2d build/user_diskio.o
 .ARM.attributes
                0x000000000000012b       0x2d build/user_diskio_spi.o
 .ARM.attributes
                0x0000000000000158       0x2d build/usb_device.o
 .ARM.attributes
                0x0000000000000185       0x2d build/usbd_desc.o
 .ARM.attributes
                0x00000000000001b2       0x2d build/usbd_cdc_if.o
 .ARM.attributes
                0x00000000000001df       0x2d build/usbd_conf.o
 .ARM.attributes
                0x000000000000020c       0x2d build/ArduCAM.o
 .ARM.attributes
                0x0000000000000239       0x2d build/stm32f1xx_hal_pcd.o
 .ARM.attributes
                0x0000000000000266       0x2d build/stm32f1xx_hal_pcd_ex.o
 .ARM.attributes
                0x0000000000000293       0x2d build/stm32f1xx_ll_usb.o
 .ARM.attributes
                0x00000000000002c0       0x2d build/stm32f1xx_hal.o
 .ARM.attributes
                0x00000000000002ed       0x2d build/stm32f1xx_hal_rcc.o
 .ARM.attributes
                0x000000000000031a       0x2d build/stm32f1xx_hal_rcc_ex.o
 .ARM.attributes
                0x0000000000000347       0x2d build/stm32f1xx_hal_gpio.o
 .ARM.attributes
                0x0000000000000374       0x2d build/stm32f1xx_hal_cortex.o
 .ARM.attributes
                0x00000000000003a1       0x2d build/stm32f1xx_hal_spi.o
 .ARM.attributes
                0x00000000000003ce       0x2d build/stm32f1xx_hal_tim.o
 .ARM.attributes
                0x00000000000003fb       0x2d build/system_stm32f1xx.o
 .ARM.attributes
                0x0000000000000428       0x2d build/diskio.o
 .ARM.attributes
                0x0000000000000455       0x2d build/ff.o
 .ARM.attributes
                0x0000000000000482       0x2d build/ff_gen_drv.o
 .ARM.attributes
                0x00000000000004af       0x2d build/usbd_core.o
 .ARM.attributes
                0x00000000000004dc       0x2d build/usbd_ctlreq.o
 .ARM.attributes
                0x0000000000000509       0x2d build/usbd_ioreq.o
 .ARM.attributes
                0x0000000000000536       0x2d build/usbd_cdc.o
 .ARM.attributes
                0x0000000000000563       0x2d build/stm32f1xx_hal_i2c.o
 .ARM.attributes
                0x0000000000000590       0x2d build/stm32f1xx_hal_uart.o
 .ARM.attributes
                0x00000000000005bd       0x21 build/startup_stm32f103xb.o
 .ARM.attributes
                0x00000000000005de       0x2d /opt/gcc-arm-none-eabi-9-2020-q2-update/bin/../lib/gcc/arm-none-eabi/9.3.1/../../../../arm-none-eabi/lib/thumb/v7-m/nofp/libc_nano.a(lib_a-impure.o)
 .ARM.attributes
                0x000000000000060b       0x2d /opt/gcc-arm-none-eabi-9-2020-q2-update/bin/../lib/gcc/arm-none-eabi/9.3.1/../../../../arm-none-eabi/lib/thumb/v7-m/nofp/libc_nano.a(lib_a-init.o)
 .ARM.attributes
                0x0000000000000638       0x2d /opt/gcc-arm-none-eabi-9-2020-q2-update/bin/../lib/gcc/arm-none-eabi/9.3.1/../../../../arm-none-eabi/lib/thumb/v7-m/nofp/libc_nano.a(lib_a-sprintf.o)
 .ARM.attributes
                0x0000000000000665       0x17 /opt/gcc-arm-none-eabi-9-2020-q2-update/bin/../lib/gcc/arm-none-eabi/9.3.1/../../../../arm-none-eabi/lib/thumb/v7-m/nofp/libc_nano.a(lib_a-strlen.o)
 .ARM.attributes
                0x000000000000067c       0x2d /opt/gcc-arm-none-eabi-9-2020-q2-update/bin/../lib/gcc/arm-none-eabi/9.3.1/../../../../arm-none-eabi/lib/thumb/v7-m/nofp/libc_nano.a(lib_a-nano-svfprintf.o)
 .ARM.attributes
                0x00000000000006a9       0x2d /opt/gcc-arm-none-eabi-9-2020-q2-update/bin/../lib/gcc/arm-none-eabi/9.3.1/../../../../arm-none-eabi/lib/thumb/v7-m/nofp/libc_nano.a(lib_a-nano-vfprintf_i.o)
 .ARM.attributes
                0x00000000000006d6       0x2d /opt/gcc-arm-none-eabi-9-2020-q2-update/bin/../lib/gcc/arm-none-eabi/9.3.1/../../../../arm-none-eabi/lib/thumb/v7-m/nofp/libc_nano.a(lib_a-memchr-stub.o)
 .ARM.attributes
                0x0000000000000703       0x2d /opt/gcc-arm-none-eabi-9-2020-q2-update/bin/../lib/gcc/arm-none-eabi/9.3.1/../../../../arm-none-eabi/lib/thumb/v7-m/nofp/libc_nano.a(lib_a-memcpy-stub.o)
 .ARM.attributes
                0x0000000000000730       0x2d /opt/gcc-arm-none-eabi-9-2020-q2-update/bin/../lib/gcc/arm-none-eabi/9.3.1/../../../../arm-none-eabi/lib/thumb/v7-m/nofp/libc_nano.a(lib_a-memmove.o)
 .ARM.attributes
                0x000000000000075d       0x2d /opt/gcc-arm-none-eabi-9-2020-q2-update/bin/../lib/gcc/arm-none-eabi/9.3.1/../../../../arm-none-eabi/lib/thumb/v7-m/nofp/libc_nano.a(lib_a-nano-freer.o)
 .ARM.attributes
                0x000000000000078a       0x2d /opt/gcc-arm-none-eabi-9-2020-q2-update/bin/../lib/gcc/arm-none-eabi/9.3.1/../../../../arm-none-eabi/lib/thumb/v7-m/nofp/libc_nano.a(lib_a-nano-mallocr.o)
 .ARM.attributes
                0x00000000000007b7       0x2d /opt/gcc-arm-none-eabi-9-2020-q2-update/bin/../lib/gcc/arm-none-eabi/9.3.1/../../../../arm-none-eabi/lib/thumb/v7-m/nofp/libc_nano.a(lib_a-nano-reallocr.o)
 .ARM.attributes
                0x00000000000007e4       0x2d /opt/gcc-arm-none-eabi-9-2020-q2-update/bin/../lib/gcc/arm-none-eabi/9.3.1/../../../../arm-none-eabi/lib/thumb/v7-m/nofp/libc_nano.a(lib_a-sbrkr.o)
 .ARM.attributes
                0x0000000000000811       0x2d /opt/gcc-arm-none-eabi-9-2020-q2-update/bin/../lib/gcc/arm-none-eabi/9.3.1/../../../../arm-none-eabi/lib/thumb/v7-m/nofp/libc_nano.a(lib_a-mlock.o)
 .ARM.attributes
                0x000000000000083e       0x2d /opt/gcc-arm-none-eabi-9-2020-q2-update/bin/../lib/gcc/arm-none-eabi/9.3.1/../../../../arm-none-eabi/lib/thumb/v7-m/nofp/libc_nano.a(lib_a-nano-msizer.o)
 .ARM.attributes
                0x000000000000086b       0x2d /opt/gcc-arm-none-eabi-9-2020-q2-update/bin/../lib/gcc/arm-none-eabi/9.3.1/../../../../arm-none-eabi/lib/thumb/v7-m/nofp/libc_nano.a(lib_a-reent.o)
 .ARM.attributes
                0x0000000000000898       0x2d /opt/gcc-arm-none-eabi-9-2020-q2-update/bin/../lib/gcc/arm-none-eabi/9.3.1/../../../../arm-none-eabi/lib/thumb/v7-m/nofp/libc_nano.a(lib_a-lock.o)
 .ARM.attributes
                0x00000000000008c5       0x2d /opt/gcc-arm-none-eabi-9-2020-q2-update/bin/../lib/gcc/arm-none-eabi/9.3.1/../../../../arm-none-eabi/lib/thumb/v7-m/nofp/libnosys.a(sbrk.o)
 .ARM.attributes
                0x00000000000008f2       0x1d /opt/gcc-arm-none-eabi-9-2020-q2-update/bin/../lib/gcc/arm-none-eabi/9.3.1/thumb/v7-m/nofp/crtn.o
OUTPUT(build/SDCARD_FatFS.elf elf32-littlearm)
LOAD linker stubs
LOAD /opt/gcc-arm-none-eabi-9-2020-q2-update/bin/../lib/gcc/arm-none-eabi/9.3.1/../../../../arm-none-eabi/lib/thumb/v7-m/nofp/libc.a
LOAD /opt/gcc-arm-none-eabi-9-2020-q2-update/bin/../lib/gcc/arm-none-eabi/9.3.1/../../../../arm-none-eabi/lib/thumb/v7-m/nofp/libm.a
LOAD /opt/gcc-arm-none-eabi-9-2020-q2-update/bin/../lib/gcc/arm-none-eabi/9.3.1/thumb/v7-m/nofp/libgcc.a

.debug_info     0x0000000000000000    0x2db06
 .debug_info    0x0000000000000000     0x31c5 build/main.o
 .debug_info    0x00000000000031c5      0x803 build/stm32f1xx_it.o
 .debug_info    0x00000000000039c8     0x159d build/stm32f1xx_hal_msp.o
 .debug_info    0x0000000000004f65      0x67d build/fatfs.o
 .debug_info    0x00000000000055e2      0xee0 build/user_diskio.o
 .debug_info    0x00000000000064c2     0x1485 build/user_diskio_spi.o
 .debug_info    0x0000000000007947     0x11af build/usb_device.o
 .debug_info    0x0000000000008af6     0x109f build/usbd_desc.o
 .debug_info    0x0000000000009b95     0x13c4 build/usbd_cdc_if.o
 .debug_info    0x000000000000af59     0x27f4 build/usbd_conf.o
 .debug_info    0x000000000000d74d     0x20e4 build/ArduCAM.o
 .debug_info    0x000000000000f831     0x1d5c build/stm32f1xx_hal_pcd.o
 .debug_info    0x000000000001158d      0x8a9 build/stm32f1xx_hal_pcd_ex.o
 .debug_info    0x0000000000011e36     0x1e74 build/stm32f1xx_ll_usb.o
 .debug_info    0x0000000000013caa      0x8e4 build/stm32f1xx_hal.o
 .debug_info    0x000000000001458e      0xb67 build/stm32f1xx_hal_rcc.o
 .debug_info    0x00000000000150f5      0x541 build/stm32f1xx_hal_rcc_ex.o
 .debug_info    0x0000000000015636      0x7d1 build/stm32f1xx_hal_gpio.o
 .debug_info    0x0000000000015e07      0xef7 build/stm32f1xx_hal_cortex.o
 .debug_info    0x0000000000016cfe     0x1fb2 build/stm32f1xx_hal_spi.o
 .debug_info    0x0000000000018cb0     0x3ee7 build/stm32f1xx_hal_tim.o
 .debug_info    0x000000000001cb97      0x2f7 build/system_stm32f1xx.o
 .debug_info    0x000000000001ce8e      0x5e7 build/diskio.o
 .debug_info    0x000000000001d475     0x3e4e build/ff.o
 .debug_info    0x00000000000212c3      0x53a build/ff_gen_drv.o
 .debug_info    0x00000000000217fd     0x18cd build/usbd_core.o
 .debug_info    0x00000000000230ca     0x1ba3 build/usbd_ctlreq.o
 .debug_info    0x0000000000024c6d     0x12f1 build/usbd_ioreq.o
 .debug_info    0x0000000000025f5e     0x1f6c build/usbd_cdc.o
 .debug_info    0x0000000000027eca     0x3d26 build/stm32f1xx_hal_i2c.o
 .debug_info    0x000000000002bbf0     0x1ef4 build/stm32f1xx_hal_uart.o
 .debug_info    0x000000000002dae4       0x22 build/startup_stm32f103xb.o

.debug_abbrev   0x0000000000000000     0x5204
 .debug_abbrev  0x0000000000000000      0x3aa build/main.o
 .debug_abbrev  0x00000000000003aa      0x182 build/stm32f1xx_it.o
 .debug_abbrev  0x000000000000052c      0x24d build/stm32f1xx_hal_msp.o
 .debug_abbrev  0x0000000000000779      0x1a7 build/fatfs.o
 .debug_abbrev  0x0000000000000920      0x258 build/user_diskio.o
 .debug_abbrev  0x0000000000000b78      0x33a build/user_diskio_spi.o
 .debug_abbrev  0x0000000000000eb2      0x228 build/usb_device.o
 .debug_abbrev  0x00000000000010da      0x320 build/usbd_desc.o
 .debug_abbrev  0x00000000000013fa      0x30c build/usbd_cdc_if.o
 .debug_abbrev  0x0000000000001706      0x393 build/usbd_conf.o
 .debug_abbrev  0x0000000000001a99      0x348 build/ArduCAM.o
 .debug_abbrev  0x0000000000001de1      0x317 build/stm32f1xx_hal_pcd.o
 .debug_abbrev  0x00000000000020f8      0x1b1 build/stm32f1xx_hal_pcd_ex.o
 .debug_abbrev  0x00000000000022a9      0x288 build/stm32f1xx_ll_usb.o
 .debug_abbrev  0x0000000000002531      0x21c build/stm32f1xx_hal.o
 .debug_abbrev  0x000000000000274d      0x2ad build/stm32f1xx_hal_rcc.o
 .debug_abbrev  0x00000000000029fa      0x1fb build/stm32f1xx_hal_rcc_ex.o
 .debug_abbrev  0x0000000000002bf5      0x24f build/stm32f1xx_hal_gpio.o
 .debug_abbrev  0x0000000000002e44      0x37f build/stm32f1xx_hal_cortex.o
 .debug_abbrev  0x00000000000031c3      0x2be build/stm32f1xx_hal_spi.o
 .debug_abbrev  0x0000000000003481      0x2c3 build/stm32f1xx_hal_tim.o
 .debug_abbrev  0x0000000000003744      0x153 build/system_stm32f1xx.o
 .debug_abbrev  0x0000000000003897      0x1cc build/diskio.o
 .debug_abbrev  0x0000000000003a63      0x306 build/ff.o
 .debug_abbrev  0x0000000000003d69      0x1ef build/ff_gen_drv.o
 .debug_abbrev  0x0000000000003f58      0x334 build/usbd_core.o
 .debug_abbrev  0x000000000000428c      0x387 build/usbd_ctlreq.o
 .debug_abbrev  0x0000000000004613      0x229 build/usbd_ioreq.o
 .debug_abbrev  0x000000000000483c      0x39a build/usbd_cdc.o
 .debug_abbrev  0x0000000000004bd6      0x332 build/stm32f1xx_hal_i2c.o
 .debug_abbrev  0x0000000000004f08      0x2ea build/stm32f1xx_hal_uart.o
 .debug_abbrev  0x00000000000051f2       0x12 build/startup_stm32f103xb.o

.debug_loc      0x0000000000000000    0x20251
 .debug_loc     0x0000000000000000      0x2ff build/main.o
 .debug_loc     0x00000000000002ff       0x40 build/stm32f1xx_it.o
 .debug_loc     0x000000000000033f      0x32d build/stm32f1xx_hal_msp.o
 .debug_loc     0x000000000000066c       0x20 build/fatfs.o
 .debug_loc     0x000000000000068c      0x281 build/user_diskio.o
 .debug_loc     0x000000000000090d      0xead build/user_diskio_spi.o
 .debug_loc     0x00000000000017ba       0x20 build/usb_device.o
 .debug_loc     0x00000000000017da      0x47b build/usbd_desc.o
 .debug_loc     0x0000000000001c55      0x197 build/usbd_cdc_if.o
 .debug_loc     0x0000000000001dec      0xead build/usbd_conf.o
 .debug_loc     0x0000000000002c99      0xd54 build/ArduCAM.o
 .debug_loc     0x00000000000039ed     0x1791 build/stm32f1xx_hal_pcd.o
 .debug_loc     0x000000000000517e      0x11a build/stm32f1xx_hal_pcd_ex.o
 .debug_loc     0x0000000000005298     0x1db3 build/stm32f1xx_ll_usb.o
 .debug_loc     0x000000000000704b      0x1e1 build/stm32f1xx_hal.o
 .debug_loc     0x000000000000722c      0x7c0 build/stm32f1xx_hal_rcc.o
 .debug_loc     0x00000000000079ec      0x40a build/stm32f1xx_hal_rcc_ex.o
 .debug_loc     0x0000000000007df6      0x548 build/stm32f1xx_hal_gpio.o
 .debug_loc     0x000000000000833e      0x7af build/stm32f1xx_hal_cortex.o
 .debug_loc     0x0000000000008aed     0x2452 build/stm32f1xx_hal_spi.o
 .debug_loc     0x000000000000af3f     0x5266 build/stm32f1xx_hal_tim.o
 .debug_loc     0x00000000000101a5       0xff build/system_stm32f1xx.o
 .debug_loc     0x00000000000102a4      0x323 build/diskio.o
 .debug_loc     0x00000000000105c7     0x56e7 build/ff.o
 .debug_loc     0x0000000000015cae      0x2f6 build/ff_gen_drv.o
 .debug_loc     0x0000000000015fa4      0xaf6 build/usbd_core.o
 .debug_loc     0x0000000000016a9a     0x1631 build/usbd_ctlreq.o
 .debug_loc     0x00000000000180cb      0x364 build/usbd_ioreq.o
 .debug_loc     0x000000000001842f      0xa0f build/usbd_cdc.o
 .debug_loc     0x0000000000018e3e     0x4d98 build/stm32f1xx_hal_i2c.o
 .debug_loc     0x000000000001dbd6     0x267b build/stm32f1xx_hal_uart.o

.debug_aranges  0x0000000000000000     0x1900
 .debug_aranges
                0x0000000000000000       0x58 build/main.o
 .debug_aranges
                0x0000000000000058       0x68 build/stm32f1xx_it.o
 .debug_aranges
                0x00000000000000c0       0x60 build/stm32f1xx_hal_msp.o
 .debug_aranges
                0x0000000000000120       0x28 build/fatfs.o
 .debug_aranges
                0x0000000000000148       0x40 build/user_diskio.o
 .debug_aranges
                0x0000000000000188       0x98 build/user_diskio_spi.o
 .debug_aranges
                0x0000000000000220       0x20 build/usb_device.o
 .debug_aranges
                0x0000000000000240       0x60 build/usbd_desc.o
 .debug_aranges
                0x00000000000002a0       0x40 build/usbd_cdc_if.o
 .debug_aranges
                0x00000000000002e0      0x118 build/usbd_conf.o
 .debug_aranges
                0x00000000000003f8      0x100 build/ArduCAM.o
 .debug_aranges
                0x00000000000004f8      0x138 build/stm32f1xx_hal_pcd.o
 .debug_aranges
                0x0000000000000630       0x38 build/stm32f1xx_hal_pcd_ex.o
 .debug_aranges
                0x0000000000000668       0xf0 build/stm32f1xx_ll_usb.o
 .debug_aranges
                0x0000000000000758       0xe0 build/stm32f1xx_hal.o
 .debug_aranges
                0x0000000000000838       0x90 build/stm32f1xx_hal_rcc.o
 .debug_aranges
                0x00000000000008c8       0x30 build/stm32f1xx_hal_rcc_ex.o
 .debug_aranges
                0x00000000000008f8       0x58 build/stm32f1xx_hal_gpio.o
 .debug_aranges
                0x0000000000000950       0x90 build/stm32f1xx_hal_cortex.o
 .debug_aranges
                0x00000000000009e0      0x1d0 build/stm32f1xx_hal_spi.o
 .debug_aranges
                0x0000000000000bb0      0x3d0 build/stm32f1xx_hal_tim.o
 .debug_aranges
                0x0000000000000f80       0x28 build/system_stm32f1xx.o
 .debug_aranges
                0x0000000000000fa8       0x48 build/diskio.o
 .debug_aranges
                0x0000000000000ff0      0x1e8 build/ff.o
 .debug_aranges
                0x00000000000011d8       0x40 build/ff_gen_drv.o
 .debug_aranges
                0x0000000000001218       0xb8 build/usbd_core.o
 .debug_aranges
                0x00000000000012d0       0x88 build/usbd_ctlreq.o
 .debug_aranges
                0x0000000000001358       0x50 build/usbd_ioreq.o
 .debug_aranges
                0x00000000000013a8       0x90 build/usbd_cdc.o
 .debug_aranges
                0x0000000000001438      0x2a0 build/stm32f1xx_hal_i2c.o
 .debug_aranges
                0x00000000000016d8      0x200 build/stm32f1xx_hal_uart.o
 .debug_aranges
                0x00000000000018d8       0x28 build/startup_stm32f103xb.o

.debug_ranges   0x0000000000000000     0x1b58
 .debug_ranges  0x0000000000000000       0x48 build/main.o
 .debug_ranges  0x0000000000000048       0x58 build/stm32f1xx_it.o
 .debug_ranges  0x00000000000000a0       0x50 build/stm32f1xx_hal_msp.o
 .debug_ranges  0x00000000000000f0       0x18 build/fatfs.o
 .debug_ranges  0x0000000000000108       0x30 build/user_diskio.o
 .debug_ranges  0x0000000000000138       0x88 build/user_diskio_spi.o
 .debug_ranges  0x00000000000001c0       0x10 build/usb_device.o
 .debug_ranges  0x00000000000001d0       0x50 build/usbd_desc.o
 .debug_ranges  0x0000000000000220       0x30 build/usbd_cdc_if.o
 .debug_ranges  0x0000000000000250      0x108 build/usbd_conf.o
 .debug_ranges  0x0000000000000358       0xf0 build/ArduCAM.o
 .debug_ranges  0x0000000000000448      0x208 build/stm32f1xx_hal_pcd.o
 .debug_ranges  0x0000000000000650       0x28 build/stm32f1xx_hal_pcd_ex.o
 .debug_ranges  0x0000000000000678      0x3a0 build/stm32f1xx_ll_usb.o
 .debug_ranges  0x0000000000000a18       0xd0 build/stm32f1xx_hal.o
 .debug_ranges  0x0000000000000ae8       0xa0 build/stm32f1xx_hal_rcc.o
 .debug_ranges  0x0000000000000b88       0x38 build/stm32f1xx_hal_rcc_ex.o
 .debug_ranges  0x0000000000000bc0       0x48 build/stm32f1xx_hal_gpio.o
 .debug_ranges  0x0000000000000c08       0xe0 build/stm32f1xx_hal_cortex.o
 .debug_ranges  0x0000000000000ce8      0x1c0 build/stm32f1xx_hal_spi.o
 .debug_ranges  0x0000000000000ea8      0x3c0 build/stm32f1xx_hal_tim.o
 .debug_ranges  0x0000000000001268       0x18 build/system_stm32f1xx.o
 .debug_ranges  0x0000000000001280       0x38 build/diskio.o
 .debug_ranges  0x00000000000012b8      0x1d8 build/ff.o
 .debug_ranges  0x0000000000001490       0x30 build/ff_gen_drv.o
 .debug_ranges  0x00000000000014c0       0xa8 build/usbd_core.o
 .debug_ranges  0x0000000000001568       0x78 build/usbd_ctlreq.o
 .debug_ranges  0x00000000000015e0       0x40 build/usbd_ioreq.o
 .debug_ranges  0x0000000000001620       0x80 build/usbd_cdc.o
 .debug_ranges  0x00000000000016a0      0x2a8 build/stm32f1xx_hal_i2c.o
 .debug_ranges  0x0000000000001948      0x1f0 build/stm32f1xx_hal_uart.o
 .debug_ranges  0x0000000000001b38       0x20 build/startup_stm32f103xb.o

.debug_line     0x0000000000000000    0x1e085
 .debug_line    0x0000000000000000      0xa34 build/main.o
 .debug_line    0x0000000000000a34      0x2f2 build/stm32f1xx_it.o
 .debug_line    0x0000000000000d26      0x4df build/stm32f1xx_hal_msp.o
 .debug_line    0x0000000000001205      0x225 build/fatfs.o
 .debug_line    0x000000000000142a      0x2f0 build/user_diskio.o
 .debug_line    0x000000000000171a      0xc09 build/user_diskio_spi.o
 .debug_line    0x0000000000002323      0x352 build/usb_device.o
 .debug_line    0x0000000000002675      0x4a2 build/usbd_desc.o
 .debug_line    0x0000000000002b17      0x38b build/usbd_cdc_if.o
 .debug_line    0x0000000000002ea2      0x8a0 build/usbd_conf.o
 .debug_line    0x0000000000003742      0x7b4 build/ArduCAM.o
 .debug_line    0x0000000000003ef6     0x18d6 build/stm32f1xx_hal_pcd.o
 .debug_line    0x00000000000057cc      0x2ae build/stm32f1xx_hal_pcd_ex.o
 .debug_line    0x0000000000005a7a     0x1ac9 build/stm32f1xx_ll_usb.o
 .debug_line    0x0000000000007543      0x4fc build/stm32f1xx_hal.o
 .debug_line    0x0000000000007a3f      0xc19 build/stm32f1xx_hal_rcc.o
 .debug_line    0x0000000000008658      0x4a6 build/stm32f1xx_hal_rcc_ex.o
 .debug_line    0x0000000000008afe      0x5fe build/stm32f1xx_hal_gpio.o
 .debug_line    0x00000000000090fc      0x652 build/stm32f1xx_hal_cortex.o
 .debug_line    0x000000000000974e     0x244a build/stm32f1xx_hal_spi.o
 .debug_line    0x000000000000bb98     0x4685 build/stm32f1xx_hal_tim.o
 .debug_line    0x000000000001021d      0x26c build/system_stm32f1xx.o
 .debug_line    0x0000000000010489      0x2c1 build/diskio.o
 .debug_line    0x000000000001074a     0x3f3a build/ff.o
 .debug_line    0x0000000000014684      0x301 build/ff_gen_drv.o
 .debug_line    0x0000000000014985      0x856 build/usbd_core.o
 .debug_line    0x00000000000151db      0xc34 build/usbd_ctlreq.o
 .debug_line    0x0000000000015e0f      0x3cd build/usbd_ioreq.o
 .debug_line    0x00000000000161dc      0x899 build/usbd_cdc.o
 .debug_line    0x0000000000016a75     0x54da build/stm32f1xx_hal_i2c.o
 .debug_line    0x000000000001bf4f     0x20c1 build/stm32f1xx_hal_uart.o
 .debug_line    0x000000000001e010       0x75 build/startup_stm32f103xb.o

.debug_str      0x0000000000000000     0x6a9a
 .debug_str     0x0000000000000000     0x1790 build/main.o
                                       0x192a (size before relaxing)
 .debug_str     0x0000000000001790      0x3dd build/stm32f1xx_it.o
                                        0x68b (size before relaxing)
 .debug_str     0x0000000000001b6d       0xe7 build/stm32f1xx_hal_msp.o
                                        0xe4e (size before relaxing)
 .debug_str     0x0000000000001c54       0x2f build/fatfs.o
                                        0x411 (size before relaxing)
 .debug_str     0x0000000000001c83       0xb8 build/user_diskio.o
                                        0x78d (size before relaxing)
 .debug_str     0x0000000000001d3b      0x13a build/user_diskio_spi.o
                                        0x856 (size before relaxing)
 .debug_str     0x0000000000001e75      0x3cc build/usb_device.o
                                        0xad6 (size before relaxing)
 .debug_str     0x0000000000002241      0x181 build/usbd_desc.o
                                        0x8e1 (size before relaxing)
 .debug_str     0x00000000000023c2      0x126 build/usbd_cdc_if.o
                                        0xba6 (size before relaxing)
 .debug_str     0x00000000000024e8      0x877 build/usbd_conf.o
                                       0x1635 (size before relaxing)
 .debug_str     0x0000000000002d5f      0x420 build/ArduCAM.o
                                        0xe27 (size before relaxing)
 .debug_str     0x000000000000317f      0x318 build/stm32f1xx_hal_pcd.o
                                        0xb78 (size before relaxing)
 .debug_str     0x0000000000003497      0x159 build/stm32f1xx_hal_pcd_ex.o
                                        0x772 (size before relaxing)
 .debug_str     0x00000000000035f0      0x136 build/stm32f1xx_ll_usb.o
                                        0x7a5 (size before relaxing)
 .debug_str     0x0000000000003726      0x258 build/stm32f1xx_hal.o
                                        0x84f (size before relaxing)
 .debug_str     0x000000000000397e      0x1e2 build/stm32f1xx_hal_rcc.o
                                        0x69e (size before relaxing)
 .debug_str     0x0000000000003b60       0x9c build/stm32f1xx_hal_rcc_ex.o
                                        0x47d (size before relaxing)
 .debug_str     0x0000000000003bfc      0x106 build/stm32f1xx_hal_gpio.o
                                        0x4bc (size before relaxing)
 .debug_str     0x0000000000003d02      0x315 build/stm32f1xx_hal_cortex.o
                                        0x96b (size before relaxing)
 .debug_str     0x0000000000004017      0x511 build/stm32f1xx_hal_spi.o
                                        0xc01 (size before relaxing)
 .debug_str     0x0000000000004528      0xec4 build/stm32f1xx_hal_tim.o
                                       0x16f4 (size before relaxing)
 .debug_str     0x00000000000053ec       0x4f build/system_stm32f1xx.o
                                        0x2d2 (size before relaxing)
 .debug_str     0x000000000000543b       0x4f build/diskio.o
                                        0x359 (size before relaxing)
 .debug_str     0x000000000000548a      0x345 build/ff.o
                                        0x88d (size before relaxing)
 .debug_str     0x00000000000057cf       0x8e build/ff_gen_drv.o
                                        0x3aa (size before relaxing)
 .debug_str     0x000000000000585d      0x13e build/usbd_core.o
                                        0xcc1 (size before relaxing)
 .debug_str     0x000000000000599b       0xe2 build/usbd_ctlreq.o
                                        0xbdb (size before relaxing)
 .debug_str     0x0000000000005a7d       0x60 build/usbd_ioreq.o
                                        0xb08 (size before relaxing)
 .debug_str     0x0000000000005add      0x18f build/usbd_cdc.o
                                       0x1096 (size before relaxing)
 .debug_str     0x0000000000005c6c      0x844 build/stm32f1xx_hal_i2c.o
                                       0x1052 (size before relaxing)
 .debug_str     0x00000000000064b0      0x5c6 build/stm32f1xx_hal_uart.o
                                        0xd38 (size before relaxing)
 .debug_str     0x0000000000006a76       0x24 build/startup_stm32f103xb.o
                                         0x52 (size before relaxing)

.comment        0x0000000000000000       0x4c
 .comment       0x0000000000000000       0x4c build/main.o
                                         0x4d (size before relaxing)
 .comment       0x000000000000004c       0x4d build/stm32f1xx_it.o
 .comment       0x000000000000004c       0x4d build/stm32f1xx_hal_msp.o
 .comment       0x000000000000004c       0x4d build/fatfs.o
 .comment       0x000000000000004c       0x4d build/user_diskio.o
 .comment       0x000000000000004c       0x4d build/user_diskio_spi.o
 .comment       0x000000000000004c       0x4d build/usb_device.o
 .comment       0x000000000000004c       0x4d build/usbd_desc.o
 .comment       0x000000000000004c       0x4d build/usbd_cdc_if.o
 .comment       0x000000000000004c       0x4d build/usbd_conf.o
 .comment       0x000000000000004c       0x4d build/ArduCAM.o
 .comment       0x000000000000004c       0x4d build/stm32f1xx_hal_pcd.o
 .comment       0x000000000000004c       0x4d build/stm32f1xx_hal_pcd_ex.o
 .comment       0x000000000000004c       0x4d build/stm32f1xx_ll_usb.o
 .comment       0x000000000000004c       0x4d build/stm32f1xx_hal.o
 .comment       0x000000000000004c       0x4d build/stm32f1xx_hal_rcc.o
 .comment       0x000000000000004c       0x4d build/stm32f1xx_hal_rcc_ex.o